rembg u2net loaded in 1.2 s; 1236 images
  50/1236 Aphaenogaster casent0102040: mask 30.5 %, 9 comp, border bottom;left;right, card 0.003, pin 0.000, flags [], rembg 1.18 s, post 2.52 s
 100/1236 Camponotus casent0101116: mask 27.0 %, 1 comp, border no, card 0.021, pin 0.000, flags [], rembg 2.57 s, post 3.10 s
 121/1236 Camponotus casent0101202: mask 1.5 %, 1 comp, border no, card 0.021, pin 0.000, flags [no_scalebar], rembg 3.22 s, post 4.28 s
 150/1236 Camponotus casent0101366: mask 22.5 %, 5 comp, border no, card 0.148, pin 0.000, flags [], rembg 1.35 s, post 2.90 s
 200/1236 Camponotus casent0101514: mask 37.3 %, 1 comp, border no, card 0.057, pin 0.000, flags [], rembg 0.82 s, post 2.09 s
 242/1236 Camponotus casent0101908: mask 35.9 %, 4 comp, border left;right, card 0.023, pin 0.000, flags [no_scalebar], rembg 1.24 s, post 3.51 s
 250/1236 Camponotus casent0102097: mask 27.2 %, 5 comp, border no, card 0.015, pin 0.000, flags [], rembg 1.20 s, post 2.40 s
 299/1236 Camponotus casent0104641: mask 33.0 %, 3 comp, border top;bottom;left;right, card 0.023, pin 0.000, flags [frame_filling], rembg 1.77 s, post 3.53 s
 300/1236 Camponotus casent0104647: mask 34.7 %, 2 comp, border right, card 0.134, pin 0.017, flags [], rembg 2.88 s, post 3.12 s
 301/1236 Camponotus casent0121525: mask 75.1 %, 4 comp, border bottom;left, card 0.010, pin 0.000, flags [no_scalebar], rembg 2.75 s, post 3.76 s
 305/1236 Camponotus casent0192117: mask 0.7 %, 8 comp, border no, card 0.002, pin 0.000, flags [no_scalebar], rembg 2.14 s, post 4.08 s
 306/1236 Camponotus casent0195294: mask 25.3 %, 12 comp, border bottom;right, card 0.058, pin 0.000, flags [no_scalebar], rembg 1.20 s, post 3.42 s
 314/1236 Camponotus casent0905276: mask 57.5 %, 15 comp, border top;left;right, card 0.086, pin 0.000, flags [no_scalebar], rembg 2.76 s, post 3.16 s
 316/1236 Camponotus focol2361: mask 40.1 %, 1 comp, border left;right, card 0.016, pin 0.000, flags [no_scalebar], rembg 2.55 s, post 3.34 s
 320/1236 Camponotus focol2384: mask 34.7 %, 1 comp, border bottom;left;right, card 0.058, pin 0.044, flags [no_scalebar], rembg 1.24 s, post 3.24 s
 350/1236 Cataulacus casent0102069: mask 36.6 %, 1 comp, border no, card 0.003, pin 0.000, flags [], rembg 2.01 s, post 2.54 s
 354/1236 Cataulacus casent0274827: mask 1.2 %, 30 comp, border bottom;right, card 0.001, pin 0.000, flags [no_scalebar], rembg 1.40 s, post 4.52 s
 364/1236 Crematogaster casent0054136: mask 54.8 %, 1 comp, border left;right, card 0.042, pin 0.000, flags [no_scalebar], rembg 1.74 s, post 3.08 s
 400/1236 Crematogaster casent0101742: mask 27.2 %, 2 comp, border left;right, card 0.014, pin 0.000, flags [], rembg 1.89 s, post 3.08 s
 440/1236 Crematogaster casent0317758: mask 35.6 %, 1 comp, border left;right, card 0.062, pin 0.000, flags [no_scalebar], rembg 1.23 s, post 3.39 s
 441/1236 Crematogaster casent0317759: mask 37.4 %, 1 comp, border left;right, card 0.008, pin 0.000, flags [no_scalebar], rembg 1.04 s, post 3.25 s
 445/1236 Crematogaster casent0919664: mask 31.0 %, 4 comp, border bottom;left;right, card 0.035, pin 0.000, flags [no_scalebar], rembg 1.19 s, post 3.83 s
 446/1236 Hypoponera casent0101012: mask 34.9 %, 1 comp, border left;right, card 0.003, pin 0.000, flags [no_scalebar], rembg 2.29 s, post 3.90 s
 450/1236 Hypoponera casent0101018: mask 39.9 %, 1 comp, border left;right, card 0.001, pin 0.000, flags [no_scalebar], rembg 1.13 s, post 3.28 s
 500/1236 Leptogenys casent0102025: mask 26.1 %, 1 comp, border left, card 0.010, pin 0.000, flags [], rembg 2.28 s, post 2.36 s
 533/1236 Meranoplus casent0486683: mask 3.5 %, 6 comp, border no, card 0.000, pin 0.000, flags [no_scalebar], rembg 1.82 s, post 4.23 s
 550/1236 Monomorium casent0079066: mask 32.8 %, 4 comp, border no, card 0.017, pin 0.000, flags [], rembg 11.70 s, post 5.82 s
