==============================================================================
session start 2026-10-06T19:51:31+03:00, full run (manifest and log started afresh)
machine: RALAMBOs-MacBook-Pro.local, macOS-26.5.1-arm64-arm-64bit-Mach-O, 15 CPUs; Python 3.14.7
libraries: rembg 2.0.85, onnxruntime 1.30.0, numpy 2.5.3, scipy 1.18.1, Pillow 12.3.0
images: 1236 in data/dataset.csv; 0 carried over from the manifest, 1236 to process
stop safely with Ctrl-C; resume with: .venv/bin/python scripts/27_segment_all.py --resume
post-processing workers: 8
rembg u2net loaded in 0.0 s; onnxruntime providers ['CPUExecutionProvider']
     progress: 50/1236 done this session, elapsed 0m12s, 0.23 s per image, ETA 4m37s (about 19:56)
  50/1236 Aphaenogaster casent0102040: mask 30.5 %, 9 comp, border bottom;left;right, card 0.003, pin 0.000, flags [], rembg 0.17 s, post 1.15 s
     progress: 100/1236 done this session, elapsed 0m21s, 0.21 s per image, ETA 4m00s (about 19:55)
 100/1236 Camponotus casent0101116: mask 27.0 %, 1 comp, border no, card 0.021, pin 0.000, flags [], rembg 0.17 s, post 1.26 s
 121/1236 Camponotus casent0101202: mask 1.5 %, 1 comp, border no, card 0.021, pin 0.000, flags [no_scalebar], rembg 0.17 s, post 1.84 s
 150/1236 Camponotus casent0101366: mask 22.5 %, 5 comp, border no, card 0.148, pin 0.000, flags [], rembg 0.17 s, post 1.34 s
     progress: 150/1236 done this session, elapsed 0m29s, 0.20 s per image, ETA 3m33s (about 19:55)
 200/1236 Camponotus casent0101514: mask 37.3 %, 1 comp, border no, card 0.057, pin 0.000, flags [], rembg 0.17 s, post 1.11 s
     progress: 200/1236 done this session, elapsed 0m38s, 0.19 s per image, ETA 3m19s (about 19:55)
 242/1236 Camponotus casent0101908: mask 35.9 %, 4 comp, border left;right, card 0.023, pin 0.000, flags [no_scalebar], rembg 0.20 s, post 1.75 s
     progress: 250/1236 done this session, elapsed 0m49s, 0.20 s per image, ETA 3m13s (about 19:55)
 250/1236 Camponotus casent0102097: mask 27.2 %, 5 comp, border no, card 0.015, pin 0.000, flags [], rembg 0.18 s, post 1.24 s
 299/1236 Camponotus casent0104641: mask 33.0 %, 3 comp, border top;bottom;left;right, card 0.023, pin 0.000, flags [frame_filling], rembg 0.18 s, post 1.79 s
 300/1236 Camponotus casent0104647: mask 34.7 %, 2 comp, border right, card 0.134, pin 0.017, flags [], rembg 0.18 s, post 1.39 s
 301/1236 Camponotus casent0121525: mask 75.1 %, 4 comp, border bottom;left, card 0.010, pin 0.000, flags [no_scalebar], rembg 0.18 s, post 1.66 s
     progress: 300/1236 done this session, elapsed 0m58s, 0.19 s per image, ETA 3m01s (about 19:55)
 305/1236 Camponotus casent0192117: mask 0.7 %, 8 comp, border no, card 0.002, pin 0.000, flags [no_scalebar], rembg 0.19 s, post 2.06 s
 306/1236 Camponotus casent0195294: mask 25.3 %, 12 comp, border bottom;right, card 0.058, pin 0.000, flags [no_scalebar], rembg 0.18 s, post 1.83 s
 314/1236 Camponotus casent0905276: mask 57.5 %, 15 comp, border top;left;right, card 0.086, pin 0.000, flags [no_scalebar], rembg 0.19 s, post 1.73 s
 316/1236 Camponotus focol2361: mask 40.1 %, 1 comp, border left;right, card 0.016, pin 0.000, flags [no_scalebar], rembg 0.19 s, post 1.78 s
 320/1236 Camponotus focol2384: mask 34.7 %, 1 comp, border bottom;left;right, card 0.058, pin 0.044, flags [no_scalebar], rembg 0.19 s, post 1.85 s
 350/1236 Cataulacus casent0102069: mask 36.6 %, 1 comp, border no, card 0.003, pin 0.000, flags [], rembg 0.18 s, post 1.05 s
     progress: 350/1236 done this session, elapsed 1m06s, 0.19 s per image, ETA 2m48s (about 19:55)
 354/1236 Cataulacus casent0274827: mask 1.2 %, 30 comp, border bottom;right, card 0.001, pin 0.000, flags [no_scalebar], rembg 0.18 s, post 2.03 s
 364/1236 Crematogaster casent0054136: mask 54.8 %, 1 comp, border left;right, card 0.042, pin 0.000, flags [no_scalebar], rembg 0.19 s, post 1.74 s
 400/1236 Crematogaster casent0101742: mask 27.2 %, 2 comp, border left;right, card 0.014, pin 0.000, flags [], rembg 0.18 s, post 1.24 s
     progress: 400/1236 done this session, elapsed 1m16s, 0.19 s per image, ETA 2m38s (about 19:55)
 441/1236 Crematogaster casent0317759: mask 37.4 %, 1 comp, border left;right, card 0.008, pin 0.000, flags [no_scalebar], rembg 0.18 s, post 1.75 s
 440/1236 Crematogaster casent0317758: mask 35.6 %, 1 comp, border left;right, card 0.062, pin 0.000, flags [no_scalebar], rembg 0.18 s, post 1.74 s
 445/1236 Crematogaster casent0919664: mask 31.0 %, 4 comp, border bottom;left;right, card 0.035, pin 0.000, flags [no_scalebar], rembg 0.18 s, post 1.80 s
 446/1236 Hypoponera casent0101012: mask 34.9 %, 1 comp, border left;right, card 0.003, pin 0.000, flags [no_scalebar], rembg 0.18 s, post 1.83 s
     progress: 450/1236 done this session, elapsed 1m26s, 0.19 s per image, ETA 2m30s (about 19:55)
 450/1236 Hypoponera casent0101018: mask 39.9 %, 1 comp, border left;right, card 0.001, pin 0.000, flags [no_scalebar], rembg 0.18 s, post 1.81 s
 500/1236 Leptogenys casent0102025: mask 26.1 %, 1 comp, border left, card 0.010, pin 0.000, flags [], rembg 0.17 s, post 1.23 s
     progress: 500/1236 done this session, elapsed 1m35s, 0.19 s per image, ETA 2m20s (about 19:55)
 533/1236 Meranoplus casent0486683: mask 3.5 %, 6 comp, border no, card 0.000, pin 0.000, flags [no_scalebar], rembg 0.20 s, post 2.03 s
     progress: 550/1236 done this session, elapsed 1m45s, 0.19 s per image, ETA 2m12s (about 19:55)
 550/1236 Monomorium casent0079066: mask 32.8 %, 4 comp, border no, card 0.017, pin 0.000, flags [], rembg 0.20 s, post 1.31 s
     progress: 600/1236 done this session, elapsed 1m55s, 0.19 s per image, ETA 2m02s (about 19:55)
 600/1236 Mystrium casent0104556: mask 26.4 %, 5 comp, border no, card 0.015, pin 0.000, flags [], rembg 0.19 s, post 2.04 s
 609/1236 Mystrium casent0317397: mask 43.7 %, 7 comp, border left;right, card 0.132, pin 0.000, flags [no_scalebar], rembg 0.19 s, post 1.83 s
 611/1236 Mystrium casent0318920: mask 48.5 %, 3 comp, border bottom;left;right, card 0.020, pin 0.004, flags [no_scalebar], rembg 0.19 s, post 1.78 s
 615/1236 Mystrium casent0906905: mask 32.6 %, 2 comp, border left;right, card 0.038, pin 0.000, flags [no_scalebar], rembg 0.20 s, post 1.93 s
 629/1236 Nesomyrmex casent0455428: mask 32.6 %, 3 comp, border left;right, card 0.002, pin 0.000, flags [no_scalebar], rembg 0.19 s, post 1.93 s
 632/1236 Nesomyrmex casent0919845: mask 31.5 %, 9 comp, border left;right, card 0.005, pin 0.000, flags [no_scalebar], rembg 0.20 s, post 1.91 s
 650/1236 Nylanderia casent0102977: mask 28.4 %, 3 comp, border no, card 0.044, pin 0.000, flags [], rembg 0.21 s, post 1.45 s
     progress: 650/1236 done this session, elapsed 2m05s, 0.19 s per image, ETA 1m53s (about 19:55)
 670/1236 Pachycondyla casent0101035: mask 33.7 %, 3 comp, border left;right, card 0.011, pin 0.000, flags [no_scalebar], rembg 0.20 s, post 1.86 s
 676/1236 Pachycondyla casent0389498: mask 2.6 %, 13 comp, border no, card 0.056, pin 0.000, flags [no_scalebar], rembg 0.19 s, post 2.09 s
 700/1236 Pheidole casent0101594: mask 35.8 %, 4 comp, border right, card 0.017, pin 0.000, flags [], rembg 0.18 s, post 1.12 s
     progress: 700/1236 done this session, elapsed 2m14s, 0.19 s per image, ETA 1m43s (about 19:55)
 742/1236 Pheidole casent0198009: mask 32.9 %, 3 comp, border left;right, card 0.051, pin 0.000, flags [no_scalebar], rembg 0.19 s, post 1.86 s
     progress: 750/1236 done this session, elapsed 2m26s, 0.19 s per image, ETA 1m34s (about 19:55)
 750/1236 Pheidole casent0720924: mask 28.4 %, 3 comp, border left;right, card 0.017, pin 0.000, flags [], rembg 0.20 s, post 1.98 s
 753/1236 Pheidole casent0923194: mask 43.5 %, 4 comp, border left;right, card 0.007, pin 0.000, flags [no_scalebar], rembg 0.19 s, post 1.84 s
 781/1236 Royidris casent0020786: mask 42.3 %, 1 comp, border left;right, card 0.023, pin 0.000, flags [no_scalebar], rembg 0.19 s, post 1.80 s
     progress: 800/1236 done this session, elapsed 2m36s, 0.19 s per image, ETA 1m25s (about 19:55)
 800/1236 Strumigenys casent0005450: mask 27.3 %, 7 comp, border no, card 0.044, pin 0.000, flags [], rembg 0.19 s, post 1.01 s
 847/1236 Strumigenys casent0005508: mask 21.2 %, 3 comp, border no, card 0.233, pin 0.000, flags [no_scalebar], rembg 0.18 s, post 1.15 s
     progress: 850/1236 done this session, elapsed 2m45s, 0.19 s per image, ETA 1m15s (about 19:55)
 850/1236 Strumigenys casent0005511: mask 33.8 %, 2 comp, border no, card 0.093, pin 0.000, flags [no_scalebar], rembg 0.19 s, post 1.22 s
 872/1236 Strumigenys casent0005537: mask 25.8 %, 2 comp, border no, card 0.092, pin 0.000, flags [no_scalebar], rembg 0.19 s, post 1.21 s
 891/1236 Strumigenys casent0005562: mask 33.7 %, 9 comp, border no, card 0.211, pin 0.000, flags [no_scalebar], rembg 0.19 s, post 1.20 s
     progress: 900/1236 done this session, elapsed 2m55s, 0.19 s per image, ETA 1m05s (about 19:55)
 900/1236 Strumigenys casent0005572: mask 33.7 %, 7 comp, border no, card 0.072, pin 0.000, flags [], rembg 0.19 s, post 1.05 s
     progress: 950/1236 done this session, elapsed 3m04s, 0.19 s per image, ETA 0m55s (about 19:55)
 950/1236 Strumigenys casent0005626: mask 37.5 %, 3 comp, border no, card 0.060, pin 0.000, flags [], rembg 0.20 s, post 1.16 s
 961/1236 Strumigenys casent0005637: mask 26.4 %, 3 comp, border bottom, card 0.007, pin 0.000, flags [no_scalebar], rembg 0.19 s, post 1.35 s
1000/1236 Strumigenys casent0102258: mask 27.6 %, 2 comp, border bottom, card 0.123, pin 0.000, flags [], rembg 0.19 s, post 1.18 s
     progress: 1000/1236 done this session, elapsed 3m14s, 0.19 s per image, ETA 0m46s (about 19:55)
1018/1236 Syllophopsis casent0274442: mask 58.0 %, 10 comp, border left;right, card 0.025, pin 0.000, flags [no_scalebar], rembg 0.20 s, post 1.81 s
1019/1236 Syllophopsis casent0291293: mask 0.2 %, 3 comp, border no, card 0.364, pin 0.000, flags [empty;no_scalebar], rembg 0.20 s, post 2.15 s
     progress: 1050/1236 done this session, elapsed 3m24s, 0.19 s per image, ETA 0m36s (about 19:55)
1050/1236 Technomyrmex casent0101705: mask 34.5 %, 2 comp, border right, card 0.012, pin 0.000, flags [], rembg 0.19 s, post 1.52 s
1091/1236 Tetramorium casent0101138: mask 43.8 %, 4 comp, border left, card 0.004, pin 0.000, flags [no_scalebar], rembg 0.19 s, post 0.89 s
1090/1236 Tetramorium casent0019207: mask 43.7 %, 2 comp, border left;right, card 0.023, pin 0.001, flags [no_scalebar], rembg 0.19 s, post 1.76 s
     progress: 1100/1236 done this session, elapsed 3m34s, 0.19 s per image, ETA 0m26s (about 19:55)
1100/1236 Tetramorium casent0101147: mask 41.2 %, 1 comp, border no, card 0.004, pin 0.000, flags [], rembg 0.19 s, post 1.28 s
1150/1236 Tetramorium casent0102338: mask 25.2 %, 3 comp, border right, card 0.067, pin 0.000, flags [], rembg 0.19 s, post 1.49 s
     progress: 1150/1236 done this session, elapsed 3m43s, 0.19 s per image, ETA 0m17s (about 19:55)
     progress: 1200/1236 done this session, elapsed 3m54s, 0.19 s per image, ETA 0m07s (about 19:55)
1200/1236 Tetraponera casent0012851: mask 24.1 %, 1 comp, border no, card 0.077, pin 0.000, flags [], rembg 0.19 s, post 1.50 s
1222/1236 Tetraponera casent0101881: mask 41.9 %, 3 comp, border no, card 0.038, pin 0.000, flags [no_scalebar], rembg 0.18 s, post 0.89 s
------------------------------------------------------------------------------
done: 1236 rows; this session 3m59s wall (239 s), 0.19 s per new image, 8 workers; rembg 0.19 s per image (min 0.16, max 0.78) over 1236 new images
whole run, from output times: 3m57s wall (237 s) over 1 session(s), 0m00s of pauses left out; sum of per-image rembg + post times 1936 s
flag empty          1
flag large          0
flag frame_filling  1
flag no_scalebar    36
card residue > 5 %: 486; pin residue > 5 %: 6
session end 2026-10-06T19:55:31+03:00
