selected 30 images, 27 genera, 4 gbif_cache, 7 other photographers:
 k         genus specimen_code image_source        creator                          why
 1     Anochetus casent0102932      commons   April Nobile                one per genus
 2 Aphaenogaster casent0102039      commons   April Nobile                one per genus
 3  Bothroponera casent0027983      commons   April Nobile                one per genus
 4    Camponotus casent0101390      commons   April Nobile                extra, random
 5    Camponotus casent0104638   gbif_cache   April Nobile    gbif_cache crop, required
 6 Cardiocondyla casent0101219      commons   April Nobile                one per genus
 7    Cataulacus casent0101241      commons   April Nobile                extra, random
 8    Cataulacus casent0101245      commons Nick Olgeirson                one per genus
 9 Crematogaster casent0193045   gbif_cache Bonnie Blaimer    gbif_cache crop, required
10    Hypoponera casent0101023      commons   April Nobile                one per genus
11    Leptogenys casent0102413      commons   April Nobile                one per genus
12     Lioponera casent0101980      commons   April Nobile                one per genus
13    Meranoplus casent0101230      commons Nick Olgeirson                one per genus
14    Monomorium casent0173547      commons   April Nobile                one per genus
15      Mystrium casent0003308      commons   April Nobile                one per genus
16    Nesomyrmex casent0189276      commons     Erin Prado other photographer, required
17    Nylanderia casent0101887      commons   April Nobile                one per genus
18  Odontomachus casent0499525      commons   April Nobile                one per genus
19  Pachycondyla casent0840847   gbif_cache       Wade Lee                one per genus
20      Pheidole casent0101324      commons Nick Olgeirson other photographer, required
21   Platythyrea casent0102009      commons   April Nobile                one per genus
22      Royidris casent0077935      commons   April Nobile                one per genus
23   Strumigenys casent0005581   gbif_cache   April Nobile    gbif_cache crop, required
24  Syllophopsis casent0172919      commons   April Nobile                one per genus
25      Tapinoma casent0016783      commons   April Nobile                one per genus
26  Technomyrmex casent0101932      commons   April Nobile                one per genus
27  Technomyrmex casent0104343      commons   April Nobile                extra, random
28     Terataner casent0102049      commons   April Nobile                one per genus
29   Tetramorium casent0102347      commons   April Nobile                one per genus
30   Tetraponera casent0409559      commons     Erin Prado                one per genus
rembg u2net: 0.69 s per image (min 0.45, max 2.00)
1 Anochetus casent0102932: mask 188409 px; card candidates 25 (accepted 1, 16956 px); pin candidates 8 (accepted 0, 0 px); dropped 32 px in 8 pieces; pale blobs kept 24 (14555 px); final touches frame: no; 10.48 s
   card white ACCEPT: area=14839, area_frac=0.02, radius=47.68, solidity=0.68, edge=98.00, background_share=0.20, median_chroma=14.00, median_lum=211.07, elongation=2.75, grown_px=2117, failed=
   card cream reject: area=2579, area_frac=0.00, radius=10.00, solidity=0.59, edge=67.00, background_share=0.00, median_chroma=61.00, median_lum=167.94, elongation=3.87, grown_px=0, failed=area,radius,solidity,edge,background
   card cream reject: area=1362, area_frac=0.00, radius=10.05, solidity=0.86, edge=85.00, background_share=0.00, median_chroma=87.00, median_lum=181.88, elongation=5.76, grown_px=0, failed=area,radius,background
   card cream reject: area=3097, area_frac=0.00, radius=12.04, solidity=0.51, edge=75.00, background_share=0.00, median_chroma=80.00, median_lum=174.75, elongation=2.40, grown_px=0, failed=area,radius,solidity,background
   card cream reject: area=1362, area_frac=0.00, radius=7.28, solidity=0.59, edge=57.00, background_share=0.32, median_chroma=83.00, median_lum=177.66, elongation=3.45, grown_px=0, failed=area,radius,solidity,edge
   pin  reject: area=2007, area_frac=0.00, radius=13.89, solidity=0.65, edge=86.00, background_share=0.87, median_chroma=72.00, median_lum=143.14, elongation=3.53, length=107.35, width=18.70, straight=0.89, width_cv=0.46, touches_border=False, failed=straight,even_width,border,lum,chroma
   pin  reject: area=1430, area_frac=0.00, radius=16.03, solidity=0.92, edge=51.00, background_share=0.76, median_chroma=84.00, median_lum=141.15, elongation=1.47, length=54.93, width=26.03, straight=0.99, width_cv=0.27, touches_border=False, failed=length,elongation,even_width,border,lum,chroma
   pin  reject: area=1033, area_frac=0.00, radius=10.05, solidity=0.82, edge=51.00, background_share=0.91, median_chroma=80.00, median_lum=127.89, elongation=4.23, length=73.49, width=14.06, straight=0.98, width_cv=0.27, touches_border=False, failed=length,even_width,border,chroma
   pin  reject: area=6235, area_frac=0.01, radius=18.38, solidity=0.48, edge=100.00, background_share=1.00, median_chroma=100.00, median_lum=170.73, elongation=3.69, length=213.24, width=29.24, straight=0.87, width_cv=0.22, touches_border=False, failed=straight,border,lum,chroma
   pin  reject: area=4027, area_frac=0.01, radius=15.52, solidity=0.58, edge=94.00, background_share=0.94, median_chroma=101.00, median_lum=171.01, elongation=4.14, length=172.14, width=23.39, straight=0.90, width_cv=0.17, touches_border=False, failed=straight,border,lum,chroma
   pin  reject: area=2558, area_frac=0.00, radius=14.87, solidity=0.81, edge=108.00, background_share=0.89, median_chroma=86.00, median_lum=170.13, elongation=4.98, length=141.45, width=18.08, straight=0.96, width_cv=0.31, touches_border=False, failed=even_width,border,lum,chroma
   pin  reject: area=2172, area_frac=0.00, radius=18.11, solidity=0.75, edge=48.00, background_share=0.77, median_chroma=88.00, median_lum=173.03, elongation=1.41, length=69.27, width=31.36, straight=0.97, width_cv=0.23, touches_border=False, failed=length,elongation,border,lum,chroma
   pin  reject: area=8505, area_frac=0.01, radius=27.20, solidity=0.71, edge=102.00, background_share=0.93, median_chroma=52.00, median_lum=104.27, elongation=2.93, length=185.62, width=45.82, straight=0.97, width_cv=0.22, touches_border=False, failed=border,chroma
2 Aphaenogaster casent0102039: mask 156367 px; card candidates 5 (accepted 0, 0 px); pin candidates 8 (accepted 0, 0 px); dropped 1364 px in 4 pieces; pale blobs kept 5 (2799 px); final touches frame: top; 6.78 s
   card white reject: area=1127, area_frac=0.00, radius=7.07, solidity=0.75, edge=95.00, background_share=0.47, median_chroma=45.00, median_lum=181.91, elongation=9.22, grown_px=0, failed=radius
   pin  reject: area=40547, area_frac=0.05, radius=34.79, solidity=0.62, edge=216.00, background_share=0.94, median_chroma=48.00, median_lum=107.80, elongation=2.28, length=401.94, width=100.88, straight=0.89, width_cv=0.22, touches_border=True, failed=width,straight,chroma
   pin  reject: area=17442, area_frac=0.02, radius=19.03, solidity=0.65, edge=216.00, background_share=0.96, median_chroma=59.00, median_lum=84.06, elongation=2.12, length=291.38, width=59.86, straight=0.78, width_cv=0.27, touches_border=False, failed=straight,even_width,border,chroma
   pin  reject: area=4421, area_frac=0.01, radius=21.00, solidity=0.72, edge=53.00, background_share=0.72, median_chroma=36.00, median_lum=78.18, elongation=2.46, length=126.94, width=34.83, straight=0.98, width_cv=0.19, touches_border=False, failed=border,chroma
   pin  reject: area=6114, area_frac=0.01, radius=25.63, solidity=0.78, edge=97.00, background_share=0.86, median_chroma=47.00, median_lum=82.17, elongation=3.56, length=164.39, width=37.19, straight=1.00, width_cv=0.19, touches_border=False, failed=border,chroma
   pin  reject: area=5431, area_frac=0.01, radius=13.00, solidity=0.53, edge=166.00, background_share=0.96, median_chroma=59.00, median_lum=101.07, elongation=8.84, length=286.77, width=18.94, straight=0.90, width_cv=0.18, touches_border=False, failed=border,chroma
   pin  reject: area=1090, area_frac=0.00, radius=6.00, solidity=0.70, edge=98.00, background_share=1.00, median_chroma=80.00, median_lum=95.76, elongation=9.80, length=115.06, width=9.47, straight=0.99, width_cv=0.12, touches_border=False, failed=border,chroma
   pin  reject: area=1385, area_frac=0.00, radius=13.00, solidity=0.77, edge=43.00, background_share=0.83, median_chroma=56.00, median_lum=103.98, elongation=2.39, length=68.94, width=20.09, straight=0.97, width_cv=0.23, touches_border=False, failed=length,border,chroma
3 Bothroponera casent0027983: mask 306323 px; card candidates 6 (accepted 0, 0 px); pin candidates 5 (accepted 0, 0 px); dropped 0 px in 0 pieces; pale blobs kept 6 (3511 px); final touches frame: no; 7.08 s
   card white reject: area=1511, area_frac=0.00, radius=7.81, solidity=0.67, edge=76.00, background_share=0.06, median_chroma=15.00, median_lum=159.89, elongation=8.28, grown_px=0, failed=radius,background
   card cream reject: area=1045, area_frac=0.00, radius=8.54, solidity=0.49, edge=53.00, background_share=0.44, median_chroma=57.00, median_lum=184.05, elongation=3.10, grown_px=0, failed=area,radius,solidity,edge
   pin  reject: area=5656, area_frac=0.01, radius=25.30, solidity=0.83, edge=54.00, background_share=0.74, median_chroma=33.00, median_lum=80.81, elongation=2.58, length=143.36, width=39.45, straight=1.00, width_cv=0.15, touches_border=False, failed=border,chroma
   pin  reject: area=41030, area_frac=0.05, radius=38.60, solidity=0.45, edge=175.00, background_share=0.96, median_chroma=42.00, median_lum=122.29, elongation=1.70, length=487.80, width=84.11, straight=0.61, width_cv=0.24, touches_border=False, failed=width,straight,border,chroma
   pin  reject: area=4787, area_frac=0.01, radius=26.17, solidity=0.87, edge=52.00, background_share=0.84, median_chroma=10.00, median_lum=78.88, elongation=2.15, length=122.89, width=38.95, straight=0.98, width_cv=0.19, touches_border=False, failed=border
   pin  reject: area=7843, area_frac=0.01, radius=19.42, solidity=0.64, edge=85.00, background_share=0.96, median_chroma=29.00, median_lum=121.19, elongation=4.01, length=240.54, width=32.61, straight=0.87, width_cv=0.12, touches_border=False, failed=straight,border,chroma
   pin  reject: area=1885, area_frac=0.00, radius=12.73, solidity=0.46, edge=69.00, background_share=0.79, median_chroma=59.00, median_lum=159.95, elongation=1.72, length=103.72, width=18.17, straight=0.64, width_cv=0.66, touches_border=False, failed=straight,even_width,border,lum,chroma
4 Camponotus casent0101390: mask 306029 px; card candidates 2 (accepted 1, 17056 px); pin candidates 7 (accepted 2, 32119 px); dropped 65 px in 20 pieces; pale blobs kept 1 (919 px); final touches frame: left; 7.68 s
   card white ACCEPT: area=16292, area_frac=0.02, radius=27.17, solidity=0.87, edge=274.00, background_share=0.44, median_chroma=22.00, median_lum=226.69, elongation=6.50, grown_px=764, failed=
   pin  ACCEPT: area=6871, area_frac=0.01, radius=27.20, solidity=0.89, edge=109.00, background_share=0.75, median_chroma=22.00, median_lum=102.69, elongation=2.67, length=156.15, width=44.00, straight=1.00, width_cv=0.08, touches_border=True, failed=
   pin  reject: area=2087, area_frac=0.00, radius=21.21, solidity=0.90, edge=46.00, background_share=0.80, median_chroma=29.00, median_lum=96.30, elongation=1.42, length=69.63, width=29.97, straight=0.99, width_cv=0.27, touches_border=False, failed=length,elongation,even_width,border,chroma
   pin  reject: area=5144, area_frac=0.01, radius=22.63, solidity=0.65, edge=93.00, background_share=0.76, median_chroma=44.00, median_lum=115.94, elongation=4.20, length=200.83, width=25.61, straight=0.90, width_cv=0.35, touches_border=True, failed=even_width,chroma
   pin  reject: area=7847, area_frac=0.01, radius=12.37, solidity=0.24, edge=128.00, background_share=0.99, median_chroma=46.00, median_lum=128.03, elongation=4.09, length=352.81, width=22.24, straight=0.38, width_cv=0.10, touches_border=True, failed=straight,chroma
   pin  ACCEPT: area=25248, area_frac=0.03, radius=39.60, solidity=0.56, edge=110.00, background_share=0.92, median_chroma=22.00, median_lum=105.02, elongation=3.14, length=366.79, width=68.83, straight=0.92, width_cv=0.20, touches_border=True, failed=
   pin  reject: area=4490, area_frac=0.01, radius=11.66, solidity=0.46, edge=194.00, background_share=0.93, median_chroma=32.00, median_lum=121.15, elongation=12.21, length=273.25, width=16.43, straight=0.93, width_cv=0.08, touches_border=False, failed=border,chroma
5 Camponotus casent0104638: mask 387731 px; card candidates 22 (accepted 0, 0 px); pin candidates 9 (accepted 1, 18406 px); dropped 318 px in 4 pieces; pale blobs kept 22 (148271 px); final touches frame: left;right; 13.01 s
   card cream reject: area=9576, area_frac=0.01, radius=20.62, solidity=0.82, edge=140.00, background_share=0.33, median_chroma=53.00, median_lum=182.98, elongation=3.08, grown_px=0, failed=area
   card cream reject: area=6645, area_frac=0.01, radius=13.04, solidity=0.59, edge=117.00, background_share=0.36, median_chroma=50.00, median_lum=170.84, elongation=6.26, grown_px=0, failed=area,radius,solidity
   card cream reject: area=120001, area_frac=0.11, radius=35.61, solidity=0.46, edge=357.00, background_share=0.08, median_chroma=75.00, median_lum=194.21, elongation=3.01, grown_px=0, failed=solidity,background
   card white reject: area=1055, area_frac=0.00, radius=8.94, solidity=0.63, edge=47.00, background_share=0.26, median_chroma=49.00, median_lum=161.96, elongation=1.69, grown_px=0, failed=edge
   card cream reject: area=4591, area_frac=0.00, radius=25.02, solidity=0.82, edge=42.00, background_share=0.00, median_chroma=86.00, median_lum=187.25, elongation=1.15, grown_px=0, failed=area,edge,background
   card cream reject: area=1183, area_frac=0.00, radius=12.04, solidity=0.73, edge=44.00, background_share=0.00, median_chroma=80.00, median_lum=165.67, elongation=1.71, grown_px=0, failed=area,radius,edge,background
   pin  ACCEPT: area=18406, area_frac=0.02, radius=33.24, solidity=0.92, edge=271.00, background_share=0.84, median_chroma=5.00, median_lum=55.07, elongation=4.61, length=310.46, width=59.29, straight=1.00, width_cv=0.04, touches_border=True, failed=
   pin  reject: area=20336, area_frac=0.02, radius=29.53, solidity=0.58, edge=130.00, background_share=0.81, median_chroma=70.00, median_lum=104.97, elongation=2.85, length=356.03, width=57.12, straight=0.85, width_cv=0.34, touches_border=True, failed=straight,even_width,chroma
   pin  reject: area=1584, area_frac=0.00, radius=13.60, solidity=0.91, edge=60.00, background_share=0.82, median_chroma=48.00, median_lum=175.15, elongation=2.61, length=75.43, width=21.00, straight=1.00, width_cv=0.13, touches_border=False, failed=length,border,lum,chroma
   pin  reject: area=3756, area_frac=0.00, radius=32.20, solidity=0.80, edge=77.00, background_share=0.48, median_chroma=63.00, median_lum=108.98, elongation=1.41, length=95.18, width=39.46, straight=0.96, width_cv=0.33, touches_border=True, failed=length,elongation,even_width,chroma
   pin  reject: area=3159, area_frac=0.00, radius=37.01, solidity=0.85, edge=104.00, background_share=0.35, median_chroma=103.00, median_lum=141.15, elongation=1.62, length=99.58, width=31.72, straight=0.90, width_cv=0.40, touches_border=True, failed=length,even_width,lum,chroma
   pin  reject: area=9749, area_frac=0.01, radius=27.89, solidity=0.43, edge=96.00, background_share=0.91, median_chroma=80.00, median_lum=150.85, elongation=4.41, length=284.83, width=34.23, straight=0.80, width_cv=0.47, touches_border=True, failed=straight,even_width,lum,chroma
6 Cardiocondyla casent0101219: mask 259001 px; card candidates 15 (accepted 1, 84112 px); pin candidates 5 (accepted 0, 0 px); dropped 196 px in 49 pieces; pale blobs kept 14 (15750 px); final touches frame: no; 7.69 s
   card cream reject: area=7214, area_frac=0.01, radius=11.31, solidity=0.36, edge=152.00, background_share=0.39, median_chroma=68.00, median_lum=177.14, elongation=9.77, grown_px=0, failed=radius,solidity
   card cream reject: area=4346, area_frac=0.01, radius=18.44, solidity=0.78, edge=68.00, background_share=0.00, median_chroma=53.00, median_lum=172.86, elongation=1.37, grown_px=0, failed=area,edge,background
   card white ACCEPT: area=82271, area_frac=0.12, radius=88.87, solidity=0.68, edge=199.00, background_share=0.53, median_chroma=46.00, median_lum=210.24, elongation=1.72, grown_px=1841, failed=
   pin  reject: area=22872, area_frac=0.03, radius=38.28, solidity=0.68, edge=112.00, background_share=0.94, median_chroma=61.00, median_lum=136.66, elongation=2.14, length=321.42, width=71.16, straight=0.84, width_cv=0.18, touches_border=False, failed=straight,border,lum,chroma
   pin  reject: area=9243, area_frac=0.01, radius=22.02, solidity=0.52, edge=87.00, background_share=0.98, median_chroma=35.00, median_lum=130.19, elongation=3.48, length=265.46, width=34.82, straight=0.71, width_cv=0.29, touches_border=False, failed=straight,even_width,border,lum,chroma
   pin  reject: area=1304, area_frac=0.00, radius=8.94, solidity=0.50, edge=47.00, background_share=0.63, median_chroma=32.00, median_lum=174.75, elongation=2.94, length=88.18, width=14.79, straight=0.77, width_cv=0.20, touches_border=False, failed=length,straight,border,lum,chroma
7 Cataulacus casent0101241: mask 161961 px; card candidates 7 (accepted 0, 0 px); pin candidates 4 (accepted 0, 0 px); dropped 30 px in 1 pieces; pale blobs kept 7 (3091 px); final touches frame: no; 5.36 s
   card cream reject: area=1028, area_frac=0.00, radius=7.62, solidity=0.76, edge=44.00, background_share=0.33, median_chroma=72.00, median_lum=183.90, elongation=2.54, grown_px=0, failed=area,radius,edge
   pin  reject: area=3015, area_frac=0.01, radius=17.26, solidity=0.56, edge=60.00, background_share=0.67, median_chroma=30.00, median_lum=106.87, elongation=2.49, length=128.74, width=23.42, straight=0.82, width_cv=0.64, touches_border=False, failed=straight,even_width,border,chroma
   pin  reject: area=1486, area_frac=0.00, radius=8.94, solidity=0.60, edge=68.00, background_share=0.95, median_chroma=38.00, median_lum=151.67, elongation=7.43, length=119.64, width=12.42, straight=0.95, width_cv=0.31, touches_border=False, failed=even_width,border,lum,chroma
   pin  reject: area=3067, area_frac=0.01, radius=12.53, solidity=0.75, edge=106.00, background_share=0.96, median_chroma=36.00, median_lum=151.04, elongation=8.16, length=164.75, width=18.62, straight=0.99, width_cv=0.08, touches_border=False, failed=border,lum,chroma
   pin  reject: area=4491, area_frac=0.01, radius=16.12, solidity=0.65, edge=57.00, background_share=0.88, median_chroma=26.00, median_lum=120.16, elongation=1.34, length=101.74, width=44.14, straight=0.89, width_cv=0.39, touches_border=False, failed=elongation,straight,even_width,border,chroma
8 Cataulacus casent0101245: mask 188907 px; card candidates 1 (accepted 1, 53730 px); pin candidates 5 (accepted 0, 0 px); dropped 821 px in 58 pieces; pale blobs kept 0 (0 px); final touches frame: no; 4.31 s
   card cream ACCEPT: area=51035, area_frac=0.12, radius=37.00, solidity=0.78, edge=309.00, background_share=0.50, median_chroma=61.00, median_lum=206.18, elongation=5.97, grown_px=2695, failed=
   pin  reject: area=5893, area_frac=0.01, radius=29.15, solidity=0.77, edge=59.00, background_share=0.54, median_chroma=26.00, median_lum=39.16, elongation=1.61, length=121.22, width=48.62, straight=0.98, width_cv=0.21, touches_border=False, failed=elongation,border,chroma
   pin  reject: area=4442, area_frac=0.01, radius=14.87, solidity=0.66, edge=82.00, background_share=0.91, median_chroma=48.00, median_lum=75.16, elongation=5.37, length=175.96, width=25.24, straight=0.97, width_cv=0.19, touches_border=False, failed=border,chroma
   pin  reject: area=1936, area_frac=0.00, radius=18.38, solidity=0.94, edge=45.00, background_share=0.83, median_chroma=39.00, median_lum=94.11, elongation=1.92, length=72.54, width=26.69, straight=1.00, width_cv=0.22, touches_border=False, failed=length,elongation,border,chroma
9 Crematogaster casent0193045: mask 622112 px; card candidates 10 (accepted 0, 0 px); pin candidates 1 (accepted 0, 0 px); dropped 0 px in 0 pieces; pale blobs kept 10 (11996 px); final touches frame: left;right; 8.80 s
   card white reject: area=3748, area_frac=0.00, radius=10.05, solidity=0.36, edge=134.00, background_share=0.47, median_chroma=18.00, median_lum=167.23, elongation=9.74, grown_px=0, failed=solidity
   card white reject: area=4226, area_frac=0.00, radius=18.87, solidity=0.62, edge=61.00, background_share=0.00, median_chroma=31.00, median_lum=166.98, elongation=2.79, grown_px=0, failed=background
10 Hypoponera casent0101023: mask 235442 px; card candidates 15 (accepted 0, 0 px); pin candidates 8 (accepted 0, 0 px); dropped 14 px in 1 pieces; pale blobs kept 15 (21360 px); final touches frame: no; 6.87 s
   card cream reject: area=7661, area_frac=0.01, radius=33.84, solidity=0.56, edge=114.00, background_share=0.16, median_chroma=75.00, median_lum=176.83, elongation=1.68, grown_px=0, failed=solidity
   card cream reject: area=1134, area_frac=0.00, radius=8.60, solidity=0.56, edge=66.00, background_share=0.00, median_chroma=71.00, median_lum=166.24, elongation=4.76, grown_px=0, failed=area,radius,solidity,edge,background
   card cream reject: area=7579, area_frac=0.01, radius=14.76, solidity=0.48, edge=181.00, background_share=0.18, median_chroma=84.00, median_lum=208.87, elongation=2.72, grown_px=0, failed=radius,solidity
   pin  reject: area=12231, area_frac=0.02, radius=20.22, solidity=0.49, edge=106.00, background_share=0.89, median_chroma=84.00, median_lum=108.20, elongation=3.76, length=305.29, width=40.06, straight=0.76, width_cv=0.26, touches_border=False, failed=straight,even_width,border,chroma
   pin  reject: area=1284, area_frac=0.00, radius=15.03, solidity=0.84, edge=37.00, background_share=0.49, median_chroma=45.00, median_lum=103.21, elongation=1.68, length=65.18, width=19.70, straight=0.93, width_cv=0.40, touches_border=False, failed=length,even_width,border,chroma
   pin  reject: area=1494, area_frac=0.00, radius=17.46, solidity=0.90, edge=37.00, background_share=0.72, median_chroma=82.00, median_lum=124.07, elongation=1.54, length=61.70, width=24.21, straight=0.97, width_cv=0.35, touches_border=False, failed=length,elongation,even_width,border,chroma
   pin  reject: area=2970, area_frac=0.01, radius=10.20, solidity=0.48, edge=76.00, background_share=0.95, median_chroma=69.00, median_lum=142.27, elongation=3.78, length=163.52, width=18.16, straight=0.69, width_cv=0.10, touches_border=False, failed=straight,border,lum,chroma
   pin  reject: area=10376, area_frac=0.02, radius=22.20, solidity=0.69, edge=87.00, background_share=0.88, median_chroma=98.00, median_lum=129.81, elongation=1.65, length=196.14, width=52.90, straight=0.87, width_cv=0.40, touches_border=False, failed=straight,even_width,border,chroma
   pin  reject: area=3125, area_frac=0.01, radius=20.00, solidity=0.90, edge=64.00, background_share=0.87, median_chroma=84.00, median_lum=115.05, elongation=2.20, length=96.58, width=32.36, straight=0.99, width_cv=0.12, touches_border=False, failed=length,elongation,border,chroma
11 Leptogenys casent0102413: mask 179279 px; card candidates 5 (accepted 0, 0 px); pin candidates 9 (accepted 0, 0 px); dropped 0 px in 0 pieces; pale blobs kept 5 (4110 px); final touches frame: no; 5.98 s
   card white reject: area=3061, area_frac=0.00, radius=22.36, solidity=0.91, edge=43.00, background_share=0.40, median_chroma=5.00, median_lum=218.83, elongation=1.70, grown_px=0, failed=edge
   pin  reject: area=5571, area_frac=0.01, radius=30.08, solidity=0.87, edge=76.00, background_share=0.85, median_chroma=22.00, median_lum=97.89, elongation=1.87, length=128.86, width=43.23, straight=1.00, width_cv=0.25, touches_border=False, failed=elongation,even_width,border
   pin  reject: area=5999, area_frac=0.01, radius=18.00, solidity=0.67, edge=143.00, background_share=0.85, median_chroma=6.00, median_lum=77.10, elongation=5.73, length=215.60, width=27.82, straight=0.97, width_cv=0.18, touches_border=False, failed=border
   pin  reject: area=25173, area_frac=0.03, radius=21.84, solidity=0.32, edge=163.00, background_share=0.97, median_chroma=12.00, median_lum=93.31, elongation=2.68, length=553.61, width=45.47, straight=0.45, width_cv=0.54, touches_border=False, failed=straight,even_width,border
   pin  reject: area=9815, area_frac=0.01, radius=15.30, solidity=0.34, edge=160.00, background_share=0.97, median_chroma=13.00, median_lum=93.87, elongation=3.04, length=372.16, width=26.37, straight=0.36, width_cv=0.18, touches_border=False, failed=straight,border
   pin  reject: area=7028, area_frac=0.01, radius=13.34, solidity=0.33, edge=234.00, background_share=0.97, median_chroma=34.00, median_lum=116.83, elongation=9.94, length=399.33, width=17.60, straight=0.85, width_cv=0.41, touches_border=False, failed=straight,even_width,border,chroma
   pin  reject: area=1372, area_frac=0.00, radius=5.00, solidity=0.29, edge=120.00, background_share=1.00, median_chroma=65.00, median_lum=133.84, elongation=5.45, length=173.32, width=7.92, straight=0.41, width_cv=0.12, touches_border=False, failed=straight,border,lum,chroma
12 Lioponera casent0101980: mask 304778 px; card candidates 33 (accepted 0, 0 px); pin candidates 7 (accepted 0, 0 px); dropped 0 px in 0 pieces; pale blobs kept 33 (37180 px); final touches frame: no; 11.08 s
   card cream reject: area=1667, area_frac=0.00, radius=10.63, solidity=0.81, edge=62.00, background_share=0.05, median_chroma=57.00, median_lum=177.96, elongation=5.59, grown_px=0, failed=area,radius,edge,background
   card white reject: area=1103, area_frac=0.00, radius=8.06, solidity=0.78, edge=40.00, background_share=0.00, median_chroma=38.00, median_lum=179.32, elongation=1.60, grown_px=0, failed=edge,background
   card cream reject: area=1517, area_frac=0.00, radius=13.89, solidity=0.81, edge=53.00, background_share=0.00, median_chroma=52.00, median_lum=173.03, elongation=1.49, grown_px=0, failed=area,radius,edge,background
   card cream reject: area=11474, area_frac=0.01, radius=17.49, solidity=0.48, edge=209.00, background_share=0.21, median_chroma=76.00, median_lum=216.96, elongation=3.12, grown_px=0, failed=radius,solidity
   card cream reject: area=6171, area_frac=0.01, radius=16.40, solidity=0.70, edge=75.00, background_share=0.16, median_chroma=81.00, median_lum=207.11, elongation=2.40, grown_px=0, failed=area,radius
   card cream reject: area=1279, area_frac=0.00, radius=6.00, solidity=0.59, edge=100.00, background_share=0.33, median_chroma=65.00, median_lum=171.21, elongation=13.50, grown_px=0, failed=area,radius,solidity
   card cream reject: area=1508, area_frac=0.00, radius=7.28, solidity=0.76, edge=71.00, background_share=0.27, median_chroma=55.00, median_lum=175.02, elongation=2.90, grown_px=0, failed=area,radius
   card cream reject: area=2375, area_frac=0.00, radius=9.90, solidity=0.59, edge=83.00, background_share=0.48, median_chroma=75.00, median_lum=176.23, elongation=4.89, grown_px=0, failed=area,radius,solidity
   card cream reject: area=1140, area_frac=0.00, radius=9.43, solidity=0.72, edge=52.00, background_share=0.53, median_chroma=51.00, median_lum=174.82, elongation=3.03, grown_px=0, failed=area,radius,edge
   pin  reject: area=17563, area_frac=0.02, radius=29.07, solidity=0.71, edge=128.00, background_share=0.87, median_chroma=55.00, median_lum=97.72, elongation=1.97, length=280.90, width=62.52, straight=0.87, width_cv=0.37, touches_border=False, failed=straight,even_width,border,chroma
   pin  reject: area=3376, area_frac=0.00, radius=20.62, solidity=0.82, edge=53.00, background_share=0.77, median_chroma=56.00, median_lum=121.95, elongation=1.87, length=102.13, width=33.06, straight=0.97, width_cv=0.32, touches_border=False, failed=even_width,border,chroma
   pin  reject: area=11698, area_frac=0.02, radius=21.63, solidity=0.49, edge=84.00, background_share=0.88, median_chroma=49.00, median_lum=144.86, elongation=3.46, length=295.14, width=39.64, straight=0.73, width_cv=0.20, touches_border=False, failed=straight,border,lum,chroma
   pin  reject: area=14221, area_frac=0.02, radius=25.94, solidity=0.49, edge=89.00, background_share=0.93, median_chroma=63.00, median_lum=151.84, elongation=1.87, length=291.59, width=48.77, straight=0.66, width_cv=0.58, touches_border=False, failed=straight,even_width,border,lum,chroma
   pin  reject: area=1195, area_frac=0.00, radius=11.00, solidity=0.86, edge=45.00, background_share=0.82, median_chroma=77.00, median_lum=151.99, elongation=3.42, length=70.72, width=16.90, straight=1.00, width_cv=0.17, touches_border=False, failed=length,border,lum,chroma
13 Meranoplus casent0101230: mask 258174 px; card candidates 14 (accepted 0, 0 px); pin candidates 8 (accepted 0, 0 px); dropped 16 px in 1 pieces; pale blobs kept 14 (18133 px); final touches frame: left; 6.36 s
   card white reject: area=1193, area_frac=0.00, radius=6.71, solidity=0.52, edge=74.00, background_share=0.40, median_chroma=49.00, median_lum=176.78, elongation=6.92, grown_px=0, failed=radius
   card cream reject: area=1303, area_frac=0.00, radius=7.00, solidity=0.68, edge=52.00, background_share=0.00, median_chroma=66.00, median_lum=172.16, elongation=1.29, grown_px=0, failed=area,radius,edge,background
   card cream reject: area=11825, area_frac=0.02, radius=22.80, solidity=0.59, edge=153.00, background_share=0.43, median_chroma=52.00, median_lum=201.00, elongation=5.92, grown_px=0, failed=solidity
   pin  reject: area=2679, area_frac=0.00, radius=16.00, solidity=0.74, edge=60.00, background_share=0.83, median_chroma=93.00, median_lum=132.79, elongation=2.94, length=124.01, width=21.60, straight=0.91, width_cv=0.29, touches_border=False, failed=even_width,border,lum,chroma
   pin  reject: area=2303, area_frac=0.00, radius=17.20, solidity=0.70, edge=44.00, background_share=0.42, median_chroma=85.00, median_lum=103.24, elongation=1.93, length=98.23, width=23.45, straight=0.89, width_cv=0.41, touches_border=False, failed=length,straight,even_width,border,chroma
   pin  reject: area=9753, area_frac=0.02, radius=34.00, solidity=0.56, edge=125.00, background_share=0.73, median_chroma=65.00, median_lum=134.10, elongation=1.66, length=200.50, width=48.64, straight=0.81, width_cv=0.51, touches_border=False, failed=straight,even_width,border,lum,chroma
   pin  reject: area=6007, area_frac=0.01, radius=28.16, solidity=0.61, edge=83.00, background_share=0.73, median_chroma=87.00, median_lum=126.95, elongation=1.82, length=163.32, width=36.78, straight=0.81, width_cv=0.54, touches_border=False, failed=straight,even_width,border,chroma
   pin  reject: area=2964, area_frac=0.01, radius=20.88, solidity=0.95, edge=66.00, background_share=0.73, median_chroma=115.00, median_lum=144.11, elongation=1.92, length=88.89, width=33.35, straight=1.00, width_cv=0.13, touches_border=True, failed=length,elongation,lum,chroma
   pin  reject: area=2465, area_frac=0.00, radius=16.55, solidity=0.95, edge=61.00, background_share=0.88, median_chroma=96.00, median_lum=149.16, elongation=2.74, length=96.09, width=25.65, straight=1.00, width_cv=0.14, touches_border=False, failed=length,border,lum,chroma
14 Monomorium casent0173547: mask 162919 px; card candidates 25 (accepted 4, 30312 px); pin candidates 6 (accepted 0, 0 px); dropped 19551 px in 122 pieces; pale blobs kept 21 (13712 px); final touches frame: no; 18.55 s
   card white ACCEPT: area=1560, area_frac=0.00, radius=13.34, solidity=0.60, edge=59.00, background_share=0.50, median_chroma=30.00, median_lum=175.04, elongation=2.44, grown_px=290, failed=
   card white ACCEPT: area=15920, area_frac=0.02, radius=40.20, solidity=0.65, edge=99.00, background_share=0.40, median_chroma=17.00, median_lum=209.14, elongation=2.33, grown_px=2866, failed=
   card cream reject: area=6425, area_frac=0.01, radius=11.70, solidity=0.45, edge=162.00, background_share=0.66, median_chroma=50.00, median_lum=188.65, elongation=11.14, grown_px=0, failed=area,radius,solidity
   card white reject: area=1031, area_frac=0.00, radius=7.07, solidity=0.54, edge=57.00, background_share=0.46, median_chroma=29.00, median_lum=180.09, elongation=1.77, grown_px=0, failed=radius
   card white ACCEPT: area=1646, area_frac=0.00, radius=13.04, solidity=0.46, edge=70.00, background_share=0.50, median_chroma=35.00, median_lum=181.88, elongation=2.28, grown_px=2100, failed=
   card white ACCEPT: area=1476, area_frac=0.00, radius=9.49, solidity=0.49, edge=53.00, background_share=0.70, median_chroma=47.00, median_lum=181.98, elongation=2.74, grown_px=8778, failed=
   pin  reject: area=9787, area_frac=0.01, radius=32.76, solidity=0.73, edge=67.00, background_share=0.79, median_chroma=75.00, median_lum=133.92, elongation=2.92, length=220.08, width=44.47, straight=0.95, width_cv=0.35, touches_border=False, failed=even_width,border,lum,chroma
   pin  reject: area=15058, area_frac=0.02, radius=21.02, solidity=0.26, edge=176.00, background_share=1.00, median_chroma=50.00, median_lum=159.79, elongation=3.56, length=466.49, width=32.28, straight=0.38, width_cv=0.26, touches_border=False, failed=straight,even_width,border,lum,chroma
   pin  reject: area=2741, area_frac=0.00, radius=16.97, solidity=0.74, edge=55.00, background_share=1.00, median_chroma=75.00, median_lum=143.12, elongation=2.96, length=111.73, width=24.53, straight=0.96, width_cv=0.21, touches_border=False, failed=border,lum,chroma
   pin  reject: area=1375, area_frac=0.00, radius=15.52, solidity=0.80, edge=40.00, background_share=0.69, median_chroma=47.00, median_lum=131.23, elongation=1.69, length=62.50, width=22.00, straight=0.95, width_cv=0.36, touches_border=False, failed=length,elongation,even_width,border,lum,chroma
15 Mystrium casent0003308: mask 263624 px; card candidates 19 (accepted 0, 0 px); pin candidates 4 (accepted 0, 0 px); dropped 10 px in 2 pieces; pale blobs kept 19 (8292 px); final touches frame: no; 6.75 s
   card white reject: area=1595, area_frac=0.00, radius=12.17, solidity=0.75, edge=41.00, background_share=0.00, median_chroma=47.00, median_lum=184.90, elongation=1.25, grown_px=0, failed=edge,background
   card cream reject: area=1611, area_frac=0.00, radius=8.54, solidity=0.60, edge=51.00, background_share=0.44, median_chroma=73.00, median_lum=193.98, elongation=1.52, grown_px=0, failed=area,radius,solidity,edge
   pin  reject: area=8091, area_frac=0.01, radius=25.55, solidity=0.66, edge=65.00, background_share=0.77, median_chroma=71.00, median_lum=107.05, elongation=2.39, length=182.22, width=44.40, straight=0.93, width_cv=0.21, touches_border=False, failed=border,chroma
   pin  reject: area=17785, area_frac=0.02, radius=27.02, solidity=0.29, edge=175.00, background_share=0.96, median_chroma=74.00, median_lum=153.26, elongation=1.43, length=305.55, width=58.21, straight=0.45, width_cv=0.64, touches_border=False, failed=straight,even_width,border,lum,chroma
   pin  reject: area=14831, area_frac=0.02, radius=29.00, solidity=0.75, edge=183.00, background_share=0.91, median_chroma=53.00, median_lum=105.20, elongation=4.16, length=267.24, width=55.50, straight=0.99, width_cv=0.12, touches_border=False, failed=border,chroma
   pin  reject: area=1321, area_frac=0.00, radius=13.89, solidity=0.62, edge=68.00, background_share=0.81, median_chroma=83.00, median_lum=165.18, elongation=2.52, length=94.19, width=14.03, straight=0.77, width_cv=0.67, touches_border=False, failed=straight,even_width,border,lum,chroma
16 Nesomyrmex casent0189276: mask 226644 px; card candidates 25 (accepted 0, 0 px); pin candidates 8 (accepted 0, 0 px); dropped 0 px in 0 pieces; pale blobs kept 25 (59131 px); final touches frame: bottom; 9.28 s
   card cream reject: area=2118, area_frac=0.00, radius=12.04, solidity=0.63, edge=68.00, background_share=0.18, median_chroma=84.00, median_lum=207.90, elongation=2.58, grown_px=0, failed=area,radius,edge
   card white reject: area=21620, area_frac=0.03, radius=53.14, solidity=0.43, edge=137.00, background_share=0.53, median_chroma=34.00, median_lum=221.75, elongation=1.43, grown_px=0, failed=solidity
   card cream reject: area=1731, area_frac=0.00, radius=9.06, solidity=0.42, edge=96.00, background_share=0.32, median_chroma=72.00, median_lum=169.88, elongation=7.01, grown_px=0, failed=area,radius,solidity
   card cream reject: area=1842, area_frac=0.00, radius=12.37, solidity=0.67, edge=58.00, background_share=0.24, median_chroma=85.00, median_lum=176.05, elongation=2.40, grown_px=0, failed=area,radius,edge
   card cream reject: area=1349, area_frac=0.00, radius=9.22, solidity=0.78, edge=88.00, background_share=0.00, median_chroma=88.00, median_lum=189.04, elongation=7.07, grown_px=0, failed=area,radius,background
   card cream reject: area=3253, area_frac=0.00, radius=11.18, solidity=0.51, edge=75.00, background_share=0.33, median_chroma=83.00, median_lum=186.81, elongation=1.83, grown_px=0, failed=area,radius,solidity
   card cream reject: area=1548, area_frac=0.00, radius=15.62, solidity=0.78, edge=43.00, background_share=0.32, median_chroma=68.00, median_lum=190.09, elongation=2.01, grown_px=0, failed=area,radius,edge
   card cream reject: area=7896, area_frac=0.01, radius=16.97, solidity=0.34, edge=141.00, background_share=0.51, median_chroma=73.00, median_lum=199.18, elongation=3.13, grown_px=0, failed=radius,solidity
   card cream reject: area=6494, area_frac=0.01, radius=19.00, solidity=0.76, edge=154.00, background_share=0.90, median_chroma=73.00, median_lum=213.30, elongation=7.72, grown_px=0, failed=area
   card cream reject: area=4333, area_frac=0.01, radius=19.00, solidity=0.60, edge=151.00, background_share=0.82, median_chroma=63.00, median_lum=208.91, elongation=9.28, grown_px=0, failed=area,solidity
   pin  reject: area=11687, area_frac=0.02, radius=33.62, solidity=0.75, edge=75.00, background_share=0.84, median_chroma=103.00, median_lum=166.96, elongation=2.69, length=207.96, width=56.20, straight=0.98, width_cv=0.13, touches_border=False, failed=border,lum,chroma
   pin  reject: area=2736, area_frac=0.00, radius=12.21, solidity=0.73, edge=89.00, background_share=0.95, median_chroma=84.00, median_lum=163.97, elongation=7.11, length=160.41, width=17.06, straight=0.98, width_cv=0.20, touches_border=False, failed=border,lum,chroma
   pin  reject: area=31556, area_frac=0.04, radius=38.59, solidity=0.51, edge=177.00, background_share=0.91, median_chroma=89.00, median_lum=183.34, elongation=2.53, length=493.31, width=63.97, straight=0.73, width_cv=0.59, touches_border=False, failed=straight,even_width,border,lum,chroma
   pin  reject: area=8581, area_frac=0.01, radius=32.98, solidity=0.81, edge=83.00, background_share=0.85, median_chroma=104.00, median_lum=169.98, elongation=3.30, length=215.68, width=39.79, straight=0.96, width_cv=0.36, touches_border=False, failed=even_width,border,lum,chroma
   pin  reject: area=14649, area_frac=0.02, radius=30.00, solidity=0.52, edge=155.00, background_share=0.97, median_chroma=88.00, median_lum=196.38, elongation=5.74, length=483.14, width=30.32, straight=0.65, width_cv=0.46, touches_border=True, failed=straight,even_width,lum,chroma
   pin  reject: area=3654, area_frac=0.01, radius=11.18, solidity=0.55, edge=110.00, background_share=0.95, median_chroma=47.00, median_lum=215.38, elongation=9.60, length=209.64, width=17.43, straight=0.96, width_cv=0.09, touches_border=False, failed=border,lum,chroma
   pin  reject: area=7619, area_frac=0.01, radius=20.25, solidity=0.74, edge=158.00, background_share=0.98, median_chroma=77.00, median_lum=197.84, elongation=9.86, length=337.50, width=22.57, straight=0.94, width_cv=0.50, touches_border=True, failed=even_width,lum,chroma
17 Nylanderia casent0101887: mask 289856 px; card candidates 17 (accepted 1, 95338 px); pin candidates 8 (accepted 0, 0 px); dropped 1373 px in 32 pieces; pale blobs kept 16 (11561 px); final touches frame: no; 8.18 s
   card cream reject: area=1881, area_frac=0.00, radius=12.21, solidity=0.80, edge=63.00, background_share=0.00, median_chroma=59.00, median_lum=167.99, elongation=4.11, grown_px=0, failed=area,radius,edge,background
   card cream reject: area=2112, area_frac=0.00, radius=10.63, solidity=0.70, edge=72.00, background_share=0.00, median_chroma=59.00, median_lum=165.13, elongation=3.98, grown_px=0, failed=area,radius,background
   card white reject: area=1592, area_frac=0.00, radius=11.18, solidity=0.73, edge=49.00, background_share=0.00, median_chroma=38.00, median_lum=167.87, elongation=2.18, grown_px=0, failed=edge,background
   card white ACCEPT: area=91279, area_frac=0.13, radius=72.84, solidity=0.87, edge=216.00, background_share=0.16, median_chroma=48.00, median_lum=203.83, elongation=1.75, grown_px=4059, failed=
   pin  reject: area=3613, area_frac=0.01, radius=18.87, solidity=0.81, edge=78.00, background_share=0.75, median_chroma=47.00, median_lum=130.20, elongation=3.38, length=126.80, width=28.49, straight=1.00, width_cv=0.17, touches_border=False, failed=border,lum,chroma
   pin  reject: area=3197, area_frac=0.00, radius=22.47, solidity=0.75, edge=44.00, background_share=0.79, median_chroma=71.00, median_lum=141.04, elongation=1.83, length=99.44, width=32.15, straight=0.95, width_cv=0.34, touches_border=False, failed=length,even_width,border,lum,chroma
   pin  reject: area=9497, area_frac=0.01, radius=15.56, solidity=0.38, edge=82.00, background_share=0.98, median_chroma=57.00, median_lum=145.33, elongation=3.57, length=337.25, width=28.16, straight=0.47, width_cv=0.20, touches_border=False, failed=straight,border,lum,chroma
   pin  reject: area=2265, area_frac=0.00, radius=13.42, solidity=0.55, edge=50.00, background_share=0.91, median_chroma=50.00, median_lum=151.97, elongation=4.46, length=142.16, width=15.93, straight=0.79, width_cv=0.39, touches_border=False, failed=straight,even_width,border,lum,chroma
   pin  reject: area=1539, area_frac=0.00, radius=16.12, solidity=0.82, edge=34.00, background_share=0.72, median_chroma=69.00, median_lum=116.02, elongation=1.39, length=56.55, width=27.22, straight=0.98, width_cv=0.25, touches_border=False, failed=length,elongation,even_width,border,chroma
18 Odontomachus casent0499525: mask 182238 px; card candidates 15 (accepted 0, 0 px); pin candidates 8 (accepted 0, 0 px); dropped 0 px in 0 pieces; pale blobs kept 15 (5045 px); final touches frame: no; 8.82 s
   pin  reject: area=5376, area_frac=0.01, radius=11.70, solidity=0.68, edge=179.00, background_share=0.99, median_chroma=54.00, median_lum=143.31, elongation=6.99, length=258.36, width=20.81, straight=0.91, width_cv=0.07, touches_border=False, failed=border,lum,chroma
   pin  reject: area=2941, area_frac=0.00, radius=21.21, solidity=0.73, edge=67.00, background_share=0.53, median_chroma=22.00, median_lum=93.32, elongation=1.28, length=84.90, width=34.64, straight=0.93, width_cv=0.28, touches_border=False, failed=length,elongation,even_width,border
   pin  reject: area=9340, area_frac=0.01, radius=28.79, solidity=0.60, edge=102.00, background_share=0.79, median_chroma=24.00, median_lum=106.87, elongation=1.78, length=213.20, width=43.81, straight=0.79, width_cv=0.52, touches_border=False, failed=straight,even_width,border
   pin  reject: area=2365, area_frac=0.00, radius=20.88, solidity=0.75, edge=63.00, background_share=0.54, median_chroma=12.00, median_lum=92.84, elongation=1.24, length=79.76, width=29.65, straight=0.89, width_cv=0.44, touches_border=False, failed=length,elongation,straight,even_width,border
   pin  reject: area=38634, area_frac=0.05, radius=37.54, solidity=0.40, edge=187.00, background_share=0.94, median_chroma=57.00, median_lum=136.95, elongation=1.74, length=437.52, width=88.30, straight=0.74, width_cv=0.22, touches_border=False, failed=width,straight,border,lum,chroma
   pin  reject: area=2367, area_frac=0.00, radius=10.05, solidity=0.77, edge=102.00, background_share=0.94, median_chroma=70.00, median_lum=151.77, elongation=6.59, length=151.98, width=15.57, straight=0.98, width_cv=0.19, touches_border=False, failed=border,lum,chroma
   pin  reject: area=7650, area_frac=0.01, radius=21.02, solidity=0.65, edge=110.00, background_share=0.95, median_chroma=52.00, median_lum=125.85, elongation=3.79, length=203.87, width=37.52, straight=0.97, width_cv=0.07, touches_border=False, failed=border,chroma
19 Pachycondyla casent0840847: mask 432701 px; card candidates 16 (accepted 1, 1517 px); pin candidates 7 (accepted 0, 0 px); dropped 0 px in 0 pieces; pale blobs kept 15 (4925 px); final touches frame: no; 12.74 s
   card white ACCEPT: area=1162, area_frac=0.00, radius=9.49, solidity=0.65, edge=52.00, background_share=0.60, median_chroma=38.00, median_lum=174.31, elongation=2.46, grown_px=355, failed=
   pin  reject: area=1151, area_frac=0.00, radius=11.05, solidity=0.76, edge=36.00, background_share=0.62, median_chroma=18.00, median_lum=104.29, elongation=2.28, length=60.00, width=19.18, straight=0.98, width_cv=0.06, touches_border=False, failed=length,border
   pin  reject: area=42555, area_frac=0.04, radius=38.59, solidity=0.40, edge=161.00, background_share=0.93, median_chroma=21.00, median_lum=101.29, elongation=2.24, length=518.24, width=82.11, straight=0.69, width_cv=0.40, touches_border=False, failed=width,straight,even_width,border
   pin  reject: area=2441, area_frac=0.00, radius=19.65, solidity=0.79, edge=46.00, background_share=0.72, median_chroma=6.00, median_lum=62.85, elongation=1.29, length=77.90, width=31.33, straight=0.92, width_cv=0.45, touches_border=False, failed=length,elongation,even_width,border
   pin  reject: area=1484, area_frac=0.00, radius=16.28, solidity=0.72, edge=49.00, background_share=0.53, median_chroma=14.00, median_lum=84.45, elongation=1.11, length=62.03, width=23.93, straight=0.86, width_cv=0.52, touches_border=False, failed=length,elongation,straight,even_width,border
   pin  reject: area=6628, area_frac=0.01, radius=17.00, solidity=0.66, edge=135.00, background_share=0.93, median_chroma=18.00, median_lum=81.21, elongation=8.32, length=265.07, width=25.00, straight=0.98, width_cv=0.17, touches_border=False, failed=border
20 Pheidole casent0101324: mask 178699 px; card candidates 29 (accepted 0, 0 px); pin candidates 12 (accepted 0, 0 px); dropped 237 px in 9 pieces; pale blobs kept 29 (16616 px); final touches frame: no; 10.46 s
   card cream reject: area=3184, area_frac=0.00, radius=8.25, solidity=0.52, edge=76.00, background_share=0.24, median_chroma=51.00, median_lum=180.73, elongation=3.83, grown_px=0, failed=area,radius,solidity
   card cream reject: area=2629, area_frac=0.00, radius=14.42, solidity=0.62, edge=46.00, background_share=0.41, median_chroma=66.00, median_lum=200.15, elongation=1.40, grown_px=0, failed=area,radius,edge
   card cream reject: area=1089, area_frac=0.00, radius=7.00, solidity=0.69, edge=38.00, background_share=0.54, median_chroma=81.00, median_lum=198.80, elongation=1.67, grown_px=0, failed=area,radius,edge
   card cream reject: area=1059, area_frac=0.00, radius=7.07, solidity=0.59, edge=41.00, background_share=0.00, median_chroma=76.00, median_lum=180.95, elongation=1.81, grown_px=0, failed=area,radius,solidity,edge,background
   pin  reject: area=8600, area_frac=0.01, radius=29.83, solidity=0.75, edge=81.00, background_share=0.80, median_chroma=50.00, median_lum=97.16, elongation=2.45, length=182.15, width=47.22, straight=0.95, width_cv=0.23, touches_border=False, failed=border,chroma
   pin  reject: area=2252, area_frac=0.00, radius=16.28, solidity=0.81, edge=65.00, background_share=0.86, median_chroma=92.00, median_lum=166.93, elongation=2.27, length=82.53, width=27.29, straight=0.96, width_cv=0.32, touches_border=False, failed=length,even_width,border,lum,chroma
   pin  reject: area=1245, area_frac=0.00, radius=10.77, solidity=0.66, edge=39.00, background_share=0.67, median_chroma=60.00, median_lum=209.22, elongation=2.12, length=67.97, width=18.32, straight=0.91, width_cv=0.25, touches_border=False, failed=length,border,lum,chroma
   pin  reject: area=2093, area_frac=0.00, radius=9.43, solidity=0.64, edge=115.00, background_share=0.97, median_chroma=87.00, median_lum=184.69, elongation=10.78, length=157.91, width=13.25, straight=0.98, width_cv=0.10, touches_border=False, failed=border,lum,chroma
21 Platythyrea casent0102009: mask 188067 px; card candidates 3 (accepted 0, 0 px); pin candidates 4 (accepted 0, 0 px); dropped 0 px in 0 pieces; pale blobs kept 3 (7672 px); final touches frame: no; 6.55 s
   card cream reject: area=6487, area_frac=0.01, radius=14.32, solidity=0.69, edge=225.00, background_share=0.43, median_chroma=64.00, median_lum=175.87, elongation=13.81, grown_px=0, failed=area,radius
   pin  reject: area=1240, area_frac=0.00, radius=13.45, solidity=0.73, edge=39.00, background_share=0.70, median_chroma=34.00, median_lum=82.95, elongation=1.48, length=59.93, width=20.69, straight=0.92, width_cv=0.35, touches_border=False, failed=length,elongation,even_width,border,chroma
   pin  reject: area=2942, area_frac=0.00, radius=11.00, solidity=0.36, edge=112.00, background_share=0.94, median_chroma=64.00, median_lum=112.19, elongation=6.63, length=218.87, width=13.44, straight=0.69, width_cv=0.19, touches_border=False, failed=straight,border,chroma
22 Royidris casent0077935: mask 224359 px; card candidates 17 (accepted 0, 0 px); pin candidates 9 (accepted 0, 0 px); dropped 17 px in 1 pieces; pale blobs kept 17 (81747 px); final touches frame: no; 8.06 s
   card cream reject: area=1360, area_frac=0.00, radius=7.28, solidity=0.68, edge=47.00, background_share=0.00, median_chroma=87.00, median_lum=164.15, elongation=3.03, grown_px=0, failed=area,radius,edge,background
   card cream reject: area=3470, area_frac=0.00, radius=18.00, solidity=0.85, edge=68.00, background_share=0.00, median_chroma=63.00, median_lum=173.78, elongation=1.55, grown_px=0, failed=area,edge,background
   card cream reject: area=1751, area_frac=0.00, radius=11.40, solidity=0.75, edge=47.00, background_share=0.00, median_chroma=87.00, median_lum=164.83, elongation=2.48, grown_px=0, failed=area,radius,edge,background
   card white reject: area=1182, area_frac=0.00, radius=6.32, solidity=0.55, edge=74.00, background_share=0.41, median_chroma=34.00, median_lum=159.94, elongation=7.86, grown_px=0, failed=radius
   card cream reject: area=39600, area_frac=0.05, radius=30.81, solidity=0.46, edge=115.00, background_share=0.33, median_chroma=54.00, median_lum=173.99, elongation=1.46, grown_px=0, failed=solidity,edge
   card cream reject: area=1324, area_frac=0.00, radius=6.40, solidity=0.63, edge=58.00, background_share=0.00, median_chroma=86.00, median_lum=159.29, elongation=3.66, grown_px=0, failed=area,radius,edge,background
   card white reject: area=28988, area_frac=0.04, radius=26.93, solidity=0.44, edge=118.00, background_share=0.59, median_chroma=49.00, median_lum=182.01, elongation=1.36, grown_px=0, failed=solidity
   card white reject: area=1256, area_frac=0.00, radius=7.21, solidity=0.65, edge=47.00, background_share=0.51, median_chroma=45.00, median_lum=171.62, elongation=2.40, grown_px=0, failed=radius,edge
   pin  reject: area=4605, area_frac=0.01, radius=17.46, solidity=0.66, edge=72.00, background_share=0.88, median_chroma=66.00, median_lum=133.97, elongation=2.92, length=158.75, width=29.01, straight=0.87, width_cv=0.30, touches_border=False, failed=straight,even_width,border,lum,chroma
   pin  reject: area=9907, area_frac=0.01, radius=33.54, solidity=0.68, edge=84.00, background_share=0.87, median_chroma=89.00, median_lum=131.95, elongation=2.29, length=181.28, width=54.65, straight=0.95, width_cv=0.23, touches_border=False, failed=border,lum,chroma
   pin  reject: area=3407, area_frac=0.00, radius=22.02, solidity=0.80, edge=68.00, background_share=0.70, median_chroma=66.00, median_lum=153.90, elongation=2.23, length=111.07, width=30.67, straight=0.96, width_cv=0.26, touches_border=False, failed=even_width,border,lum,chroma
   pin  reject: area=6451, area_frac=0.01, radius=15.26, solidity=0.44, edge=60.00, background_share=0.97, median_chroma=66.00, median_lum=138.61, elongation=2.98, length=228.89, width=28.18, straight=0.62, width_cv=0.17, touches_border=False, failed=straight,border,lum,chroma
   pin  reject: area=30208, area_frac=0.04, radius=38.00, solidity=0.42, edge=104.00, background_share=0.95, median_chroma=48.00, median_lum=180.97, elongation=1.23, length=322.64, width=93.63, straight=0.72, width_cv=0.46, touches_border=False, failed=width,straight,even_width,border,lum,chroma
   pin  reject: area=5193, area_frac=0.01, radius=19.10, solidity=0.34, edge=93.00, background_share=0.94, median_chroma=43.00, median_lum=177.30, elongation=3.15, length=227.23, width=22.85, straight=0.40, width_cv=0.79, touches_border=False, failed=straight,even_width,border,lum,chroma
23 Strumigenys casent0005581: mask 452786 px; card candidates 43 (accepted 0, 0 px); pin candidates 13 (accepted 0, 0 px); dropped 427 px in 4 pieces; pale blobs kept 43 (66416 px); final touches frame: bottom;left;right; 17.19 s
   card cream reject: area=2218, area_frac=0.00, radius=14.00, solidity=0.72, edge=55.00, background_share=0.13, median_chroma=72.00, median_lum=183.06, elongation=2.70, grown_px=0, failed=area,radius,edge,background
   card cream reject: area=8682, area_frac=0.01, radius=18.38, solidity=0.75, edge=83.00, background_share=0.00, median_chroma=69.00, median_lum=190.16, elongation=2.28, grown_px=0, failed=area,background
   card cream reject: area=1146, area_frac=0.00, radius=8.25, solidity=0.74, edge=60.00, background_share=0.00, median_chroma=64.00, median_lum=216.69, elongation=6.84, grown_px=0, failed=area,radius,edge,background
   card cream reject: area=1284, area_frac=0.00, radius=13.15, solidity=0.90, edge=41.00, background_share=0.00, median_chroma=73.00, median_lum=212.07, elongation=2.49, grown_px=0, failed=area,radius,edge,background
   card cream reject: area=1247, area_frac=0.00, radius=7.62, solidity=0.76, edge=61.00, background_share=0.42, median_chroma=62.00, median_lum=173.01, elongation=5.50, grown_px=0, failed=area,radius,edge
   card cream reject: area=5624, area_frac=0.01, radius=10.20, solidity=0.28, edge=146.00, background_share=0.30, median_chroma=63.00, median_lum=189.09, elongation=2.15, grown_px=0, failed=area,radius,solidity
   card cream reject: area=1171, area_frac=0.00, radius=7.07, solidity=0.58, edge=58.00, background_share=0.19, median_chroma=72.00, median_lum=171.02, elongation=4.49, grown_px=0, failed=area,radius,solidity,edge
   card cream reject: area=23980, area_frac=0.02, radius=17.80, solidity=0.17, edge=240.00, background_share=0.49, median_chroma=72.00, median_lum=203.20, elongation=1.93, grown_px=0, failed=radius,solidity
   card cream reject: area=1083, area_frac=0.00, radius=11.66, solidity=0.75, edge=43.00, background_share=0.00, median_chroma=79.00, median_lum=205.95, elongation=2.52, grown_px=0, failed=area,radius,edge,background
   card cream reject: area=1723, area_frac=0.00, radius=8.54, solidity=0.65, edge=77.00, background_share=0.00, median_chroma=88.00, median_lum=197.86, elongation=6.01, grown_px=0, failed=area,radius,background
   card cream reject: area=1058, area_frac=0.00, radius=6.40, solidity=0.65, edge=36.00, background_share=0.26, median_chroma=76.00, median_lum=192.81, elongation=1.50, grown_px=0, failed=area,radius,edge
   card cream reject: area=1551, area_frac=0.00, radius=7.81, solidity=0.52, edge=66.00, background_share=0.39, median_chroma=77.00, median_lum=185.06, elongation=7.15, grown_px=0, failed=area,radius,solidity,edge
   card cream reject: area=5741, area_frac=0.01, radius=11.40, solidity=0.49, edge=104.00, background_share=0.49, median_chroma=75.00, median_lum=200.92, elongation=5.26, grown_px=0, failed=area,radius,solidity
   pin  reject: area=1848, area_frac=0.00, radius=17.46, solidity=0.84, edge=37.00, background_share=0.69, median_chroma=80.00, median_lum=143.78, elongation=1.59, length=65.28, width=28.31, straight=0.99, width_cv=0.20, touches_border=False, failed=length,elongation,border,lum,chroma
   pin  reject: area=2581, area_frac=0.00, radius=23.77, solidity=0.82, edge=48.00, background_share=0.72, median_chroma=94.00, median_lum=132.91, elongation=1.24, length=77.70, width=33.22, straight=0.94, width_cv=0.40, touches_border=False, failed=length,elongation,even_width,border,lum,chroma
   pin  reject: area=71111, area_frac=0.07, radius=36.06, solidity=0.26, edge=223.00, background_share=0.96, median_chroma=95.00, median_lum=181.10, elongation=2.41, length=911.94, width=77.98, straight=0.53, width_cv=0.70, touches_border=False, failed=straight,even_width,border,lum,chroma
   pin  reject: area=5288, area_frac=0.01, radius=26.17, solidity=0.87, edge=113.00, background_share=0.72, median_chroma=114.00, median_lum=134.94, elongation=2.29, length=147.00, width=35.97, straight=0.98, width_cv=0.26, touches_border=False, failed=even_width,border,lum,chroma
   pin  reject: area=4729, area_frac=0.00, radius=22.63, solidity=0.83, edge=75.00, background_share=0.76, median_chroma=65.00, median_lum=189.96, elongation=2.75, length=124.41, width=38.01, straight=1.00, width_cv=0.11, touches_border=False, failed=border,lum,chroma
   pin  reject: area=2429, area_frac=0.00, radius=19.80, solidity=0.80, edge=61.00, background_share=0.58, median_chroma=103.00, median_lum=163.81, elongation=1.32, length=78.30, width=31.02, straight=0.94, width_cv=0.33, touches_border=False, failed=length,elongation,even_width,border,lum,chroma
   pin  reject: area=2272, area_frac=0.00, radius=28.43, solidity=0.86, edge=92.00, background_share=0.45, median_chroma=99.00, median_lum=132.04, elongation=2.50, length=91.01, width=24.96, straight=0.98, width_cv=0.22, touches_border=True, failed=length,lum,chroma
   pin  reject: area=14566, area_frac=0.01, radius=29.68, solidity=0.78, edge=102.00, background_share=0.94, median_chroma=89.00, median_lum=187.32, elongation=6.40, length=405.60, width=35.91, straight=0.96, width_cv=0.33, touches_border=True, failed=even_width,lum,chroma
24 Syllophopsis casent0172919: mask 283014 px; card candidates 22 (accepted 1, 13344 px); pin candidates 8 (accepted 0, 0 px); dropped 125 px in 3 pieces; pale blobs kept 21 (15427 px); final touches frame: no; 9.87 s
   card cream reject: area=3496, area_frac=0.00, radius=15.81, solidity=0.69, edge=63.00, background_share=0.00, median_chroma=86.00, median_lum=181.03, elongation=1.99, grown_px=0, failed=area,radius,edge,background
   card white ACCEPT: area=11975, area_frac=0.02, radius=34.00, solidity=0.54, edge=78.00, background_share=0.33, median_chroma=33.00, median_lum=211.04, elongation=1.13, grown_px=1369, failed=
   card cream reject: area=1206, area_frac=0.00, radius=6.71, solidity=0.60, edge=46.00, background_share=0.00, median_chroma=81.00, median_lum=169.15, elongation=1.39, grown_px=0, failed=area,radius,edge,background
   card cream reject: area=2125, area_frac=0.00, radius=12.21, solidity=0.61, edge=88.00, background_share=0.00, median_chroma=87.00, median_lum=187.61, elongation=3.11, grown_px=0, failed=area,radius,background
   card cream reject: area=1222, area_frac=0.00, radius=7.81, solidity=0.57, edge=80.00, background_share=0.00, median_chroma=78.00, median_lum=167.67, elongation=6.36, grown_px=0, failed=area,radius,solidity,background
   pin  reject: area=1348, area_frac=0.00, radius=13.00, solidity=0.75, edge=38.00, background_share=0.46, median_chroma=60.00, median_lum=79.85, elongation=2.04, length=60.06, width=22.44, straight=0.99, width_cv=0.09, touches_border=False, failed=length,elongation,border,chroma
   pin  reject: area=2827, area_frac=0.00, radius=20.59, solidity=0.83, edge=54.00, background_share=0.64, median_chroma=87.00, median_lum=104.37, elongation=1.67, length=84.81, width=33.33, straight=0.99, width_cv=0.21, touches_border=False, failed=length,elongation,border,chroma
   pin  reject: area=53632, area_frac=0.07, radius=40.00, solidity=0.37, edge=171.00, background_share=0.96, median_chroma=86.00, median_lum=143.77, elongation=2.18, length=639.48, width=83.87, straight=0.58, width_cv=0.22, touches_border=False, failed=width,straight,border,lum,chroma
   pin  reject: area=5792, area_frac=0.01, radius=25.06, solidity=0.73, edge=102.00, background_share=0.73, median_chroma=87.00, median_lum=125.16, elongation=2.59, length=141.55, width=40.92, straight=0.99, width_cv=0.11, touches_border=False, failed=border,chroma
   pin  reject: area=1961, area_frac=0.00, radius=17.09, solidity=0.78, edge=43.00, background_share=0.47, median_chroma=78.00, median_lum=134.04, elongation=1.67, length=79.11, width=24.79, straight=0.93, width_cv=0.34, touches_border=False, failed=length,even_width,border,lum,chroma
   pin  reject: area=1141, area_frac=0.00, radius=15.26, solidity=0.91, edge=38.00, background_share=0.80, median_chroma=94.00, median_lum=162.03, elongation=1.34, length=50.71, width=22.50, straight=0.97, width_cv=0.25, touches_border=False, failed=length,elongation,even_width,border,lum,chroma
25 Tapinoma casent0016783: mask 244992 px; card candidates 17 (accepted 1, 966 px); pin candidates 5 (accepted 0, 0 px); dropped 0 px in 0 pieces; pale blobs kept 16 (122383 px); final touches frame: no; 8.63 s
   card white ACCEPT: area=760, area_frac=0.00, radius=8.00, solidity=0.81, edge=54.00, background_share=0.45, median_chroma=25.00, median_lum=167.33, elongation=3.62, grown_px=206, failed=
   card white reject: area=1177, area_frac=0.00, radius=6.32, solidity=0.53, edge=107.00, background_share=0.45, median_chroma=21.00, median_lum=171.76, elongation=11.90, grown_px=0, failed=radius
   card cream reject: area=1955, area_frac=0.00, radius=13.04, solidity=0.69, edge=50.00, background_share=0.00, median_chroma=54.00, median_lum=165.78, elongation=1.90, grown_px=0, failed=area,radius,edge,background
   card white reject: area=1580, area_frac=0.00, radius=7.21, solidity=0.48, edge=70.00, background_share=0.36, median_chroma=29.00, median_lum=172.09, elongation=5.12, grown_px=0, failed=radius
   card cream reject: area=112110, area_frac=0.15, radius=37.64, solidity=0.53, edge=211.00, background_share=0.26, median_chroma=55.00, median_lum=183.96, elongation=1.29, grown_px=0, failed=solidity
   card cream reject: area=1453, area_frac=0.00, radius=11.18, solidity=0.72, edge=57.00, background_share=0.00, median_chroma=52.00, median_lum=168.75, elongation=3.34, grown_px=0, failed=area,radius,edge,background
   card white reject: area=1037, area_frac=0.00, radius=6.08, solidity=0.47, edge=61.00, background_share=0.32, median_chroma=40.00, median_lum=171.96, elongation=4.69, grown_px=0, failed=radius
   pin  reject: area=2862, area_frac=0.00, radius=21.93, solidity=0.82, edge=48.00, background_share=0.58, median_chroma=55.00, median_lum=157.01, elongation=1.77, length=99.32, width=28.82, straight=0.94, width_cv=0.36, touches_border=False, failed=length,even_width,border,lum,chroma
   pin  reject: area=33829, area_frac=0.04, radius=39.20, solidity=0.46, edge=146.00, background_share=0.90, median_chroma=45.00, median_lum=207.30, elongation=2.27, length=441.86, width=76.56, straight=0.70, width_cv=0.24, touches_border=False, failed=straight,border,lum,chroma
   pin  reject: area=7476, area_frac=0.01, radius=26.68, solidity=0.90, edge=96.00, background_share=0.92, median_chroma=75.00, median_lum=170.87, elongation=3.30, length=171.95, width=43.48, straight=1.00, width_cv=0.09, touches_border=False, failed=border,lum,chroma
26 Technomyrmex casent0101932: mask 367019 px; card candidates 7 (accepted 1, 24136 px); pin candidates 4 (accepted 0, 0 px); dropped 30 px in 18 pieces; pale blobs kept 6 (7404 px); final touches frame: no; 11.23 s
   card cream reject: area=1618, area_frac=0.00, radius=12.04, solidity=0.62, edge=48.00, background_share=0.45, median_chroma=66.00, median_lum=196.93, elongation=2.54, grown_px=0, failed=area,radius,edge
   card cream reject: area=4371, area_frac=0.01, radius=8.94, solidity=0.46, edge=81.00, background_share=0.00, median_chroma=68.00, median_lum=182.02, elongation=2.58, grown_px=0, failed=area,radius,solidity,edge,background
   card cream ACCEPT: area=21607, area_frac=0.03, radius=29.02, solidity=0.64, edge=203.00, background_share=0.39, median_chroma=74.00, median_lum=223.76, elongation=5.35, grown_px=2529, failed=
   pin  reject: area=1777, area_frac=0.00, radius=19.24, solidity=0.93, edge=43.00, background_share=0.80, median_chroma=87.00, median_lum=148.36, elongation=1.31, length=55.71, width=31.90, straight=1.00, width_cv=0.11, touches_border=False, failed=length,elongation,border,lum,chroma
   pin  reject: area=6964, area_frac=0.01, radius=22.02, solidity=0.54, edge=73.00, background_share=0.61, median_chroma=72.00, median_lum=123.99, elongation=2.02, length=205.00, width=33.97, straight=0.76, width_cv=0.59, touches_border=False, failed=straight,even_width,border,chroma
   pin  reject: area=9094, area_frac=0.01, radius=29.97, solidity=0.62, edge=93.00, background_share=0.76, median_chroma=95.00, median_lum=144.01, elongation=1.77, length=166.73, width=54.54, straight=0.92, width_cv=0.24, touches_border=False, failed=border,lum,chroma
27 Technomyrmex casent0104343: mask 186737 px; card candidates 8 (accepted 0, 0 px); pin candidates 8 (accepted 0, 0 px); dropped 0 px in 0 pieces; pale blobs kept 8 (4438 px); final touches frame: no; 6.68 s
   card white reject: area=1111, area_frac=0.00, radius=6.71, solidity=0.82, edge=103.00, background_share=0.69, median_chroma=37.00, median_lum=173.93, elongation=8.95, grown_px=0, failed=radius
   card cream reject: area=1040, area_frac=0.00, radius=6.71, solidity=0.83, edge=74.00, background_share=0.52, median_chroma=54.00, median_lum=169.74, elongation=7.31, grown_px=0, failed=area,radius
   pin  reject: area=3532, area_frac=0.01, radius=22.00, solidity=0.92, edge=74.00, background_share=0.86, median_chroma=9.00, median_lum=70.78, elongation=1.33, length=83.45, width=42.32, straight=1.00, width_cv=0.16, touches_border=False, failed=length,elongation,border
   pin  reject: area=26459, area_frac=0.04, radius=31.00, solidity=0.33, edge=150.00, background_share=0.96, median_chroma=12.00, median_lum=99.83, elongation=1.29, length=394.43, width=67.08, straight=0.40, width_cv=0.47, touches_border=False, failed=straight,even_width,border
   pin  reject: area=2328, area_frac=0.00, radius=13.00, solidity=0.80, edge=58.00, background_share=0.92, median_chroma=25.00, median_lum=112.75, elongation=3.20, length=99.53, width=23.39, straight=0.99, width_cv=0.09, touches_border=False, failed=length,border
   pin  reject: area=2665, area_frac=0.00, radius=22.02, solidity=0.90, edge=63.00, background_share=0.78, median_chroma=45.00, median_lum=113.90, elongation=1.43, length=73.65, width=36.19, straight=1.00, width_cv=0.22, touches_border=False, failed=length,elongation,border,chroma
28 Terataner casent0102049: mask 227296 px; card candidates 4 (accepted 0, 0 px); pin candidates 7 (accepted 0, 0 px); dropped 205 px in 1 pieces; pale blobs kept 4 (1379 px); final touches frame: no; 6.76 s
   pin  reject: area=11236, area_frac=0.02, radius=34.48, solidity=0.70, edge=68.00, background_share=0.83, median_chroma=19.00, median_lum=63.28, elongation=2.39, length=199.18, width=56.41, straight=0.96, width_cv=0.20, touches_border=False, failed=border
   pin  reject: area=1344, area_frac=0.00, radius=16.49, solidity=0.92, edge=35.00, background_share=0.77, median_chroma=36.00, median_lum=129.23, elongation=1.40, length=55.97, width=24.01, straight=0.97, width_cv=0.30, touches_border=False, failed=length,elongation,even_width,border,chroma
   pin  reject: area=15151, area_frac=0.02, radius=30.00, solidity=0.41, edge=121.00, background_share=0.93, median_chroma=82.00, median_lum=117.89, elongation=3.87, length=364.33, width=41.59, straight=0.75, width_cv=0.40, touches_border=False, failed=straight,even_width,border,chroma
   pin  reject: area=4275, area_frac=0.01, radius=12.04, solidity=0.41, edge=116.00, background_share=0.95, median_chroma=60.00, median_lum=104.25, elongation=7.38, length=246.28, width=17.36, straight=0.81, width_cv=0.07, touches_border=False, failed=straight,border,chroma
   pin  reject: area=1032, area_frac=0.00, radius=13.34, solidity=0.86, edge=37.00, background_share=0.68, median_chroma=67.00, median_lum=129.24, elongation=1.53, length=44.65, width=23.11, straight=1.00, width_cv=0.15, touches_border=False, failed=length,elongation,border,chroma
29 Tetramorium casent0102347: mask 280450 px; card candidates 11 (accepted 0, 0 px); pin candidates 5 (accepted 0, 0 px); dropped 0 px in 0 pieces; pale blobs kept 11 (6159 px); final touches frame: no; 7.47 s
   card white reject: area=3615, area_frac=0.00, radius=23.19, solidity=0.83, edge=59.00, background_share=0.00, median_chroma=41.00, median_lum=194.91, elongation=1.69, grown_px=0, failed=background
   pin  reject: area=2008, area_frac=0.00, radius=19.42, solidity=0.82, edge=41.00, background_share=0.70, median_chroma=66.00, median_lum=106.84, elongation=1.49, length=69.78, width=28.78, straight=0.96, width_cv=0.35, touches_border=False, failed=length,elongation,even_width,border,chroma
   pin  reject: area=17468, area_frac=0.02, radius=23.00, solidity=0.32, edge=92.00, background_share=0.93, median_chroma=66.00, median_lum=128.33, elongation=2.08, length=348.31, width=50.15, straight=0.40, width_cv=0.20, touches_border=False, failed=straight,border,chroma
   pin  reject: area=5458, area_frac=0.01, radius=30.41, solidity=0.83, edge=55.00, background_share=0.77, median_chroma=36.00, median_lum=116.95, elongation=1.42, length=123.08, width=44.34, straight=0.94, width_cv=0.39, touches_border=False, failed=elongation,even_width,border,chroma
30 Tetraponera casent0409559: mask 181892 px; card candidates 34 (accepted 0, 0 px); pin candidates 6 (accepted 0, 0 px); dropped 9 px in 2 pieces; pale blobs kept 34 (16267 px); final touches frame: no; 7.06 s
   card cream reject: area=2210, area_frac=0.00, radius=8.54, solidity=0.58, edge=56.00, background_share=0.41, median_chroma=77.50, median_lum=192.89, elongation=1.49, grown_px=0, failed=area,radius,solidity,edge
   card white reject: area=2651, area_frac=0.00, radius=10.05, solidity=0.70, edge=79.00, background_share=0.00, median_chroma=41.00, median_lum=192.93, elongation=3.32, grown_px=0, failed=background
   card cream reject: area=1129, area_frac=0.00, radius=6.71, solidity=0.51, edge=85.00, background_share=0.66, median_chroma=75.00, median_lum=211.34, elongation=6.08, grown_px=0, failed=area,radius,solidity
   card cream reject: area=1081, area_frac=0.00, radius=6.71, solidity=0.51, edge=70.00, background_share=0.42, median_chroma=74.00, median_lum=200.11, elongation=4.11, grown_px=0, failed=area,radius,solidity
   pin  reject: area=1158, area_frac=0.00, radius=10.30, solidity=0.95, edge=47.00, background_share=0.87, median_chroma=102.00, median_lum=174.96, elongation=3.32, length=68.26, width=16.96, straight=1.00, width_cv=0.13, touches_border=False, failed=length,border,lum,chroma
   pin  reject: area=1615, area_frac=0.00, radius=16.55, solidity=0.85, edge=56.00, background_share=0.64, median_chroma=103.00, median_lum=137.04, elongation=1.46, length=57.84, width=27.92, straight=0.99, width_cv=0.19, touches_border=False, failed=length,elongation,border,lum,chroma
   pin  reject: area=30968, area_frac=0.04, radius=33.24, solidity=0.44, edge=167.00, background_share=0.94, median_chroma=89.00, median_lum=179.10, elongation=2.30, length=543.14, width=57.02, straight=0.50, width_cv=0.54, touches_border=False, failed=straight,even_width,border,lum,chroma
   pin  reject: area=13315, area_frac=0.02, radius=19.65, solidity=0.32, edge=195.00, background_share=0.94, median_chroma=83.00, median_lum=179.12, elongation=8.91, length=542.01, width=24.57, straight=0.81, width_cv=0.30, touches_border=False, failed=straight,even_width,border,lum,chroma
   pin  reject: area=5327, area_frac=0.01, radius=21.54, solidity=0.69, edge=63.00, background_share=0.69, median_chroma=62.00, median_lum=133.11, elongation=2.69, length=148.87, width=35.78, straight=0.96, width_cv=0.19, touches_border=False, failed=border,lum,chroma
wrote /home/ubuntu/projects/lifeplan/mg-ants/reports/segmentation_trial/run30: 30 images, 678 candidates
wrote /home/ubuntu/projects/lifeplan/mg-ants/reports/segmentation_trial/run30/summary_sheet.jpg
