imaged MG Formicidae records: 6995
[1/60] Hypoponera (1326614): 1996 media rows, 899 specimens
[2/60] Camponotus (1312361): 3122 media rows, 792 specimens
[3/60] Pheidole (1321654): 3646 media rows, 789 specimens
[4/60] Tetramorium (1323128): 2055 media rows, 495 specimens
[5/60] Strumigenys (1320203): 1547 media rows, 375 specimens
[6/60] Crematogaster (1324306): 1274 media rows, 280 specimens
[7/60] Mystrium (1326355): 848 media rows, 176 specimens
[8/60] Technomyrmex (1320039): 678 media rows, 154 specimens
[9/60] Leptogenys (1321215): 635 media rows, 151 specimens
[10/60] Carebara (1317472): 507 media rows, 137 specimens
[11/60] Nesomyrmex (7731605): 531 media rows, 122 specimens
[12/60] Monomorium (1314419): 428 media rows, 101 specimens
[13/60] Tetraponera (1319181): 380 media rows, 91 specimens
[14/60] Bothroponera (4673663): 414 media rows, 87 specimens
[15/60] Adetomyrma (1325864): 530 media rows, 86 specimens
[16/60] Pachycondyla (1319685): 400 media rows, 74 specimens
[17/60] Vitsika (7600784): 303 media rows, 68 specimens
[18/60] Anochetus (1319461): 269 media rows, 59 specimens
[19/60] Tapinoma (1316784): 246 media rows, 58 specimens
[20/60] Nylanderia (4673740): 301 media rows, 57 specimens
[21/60] Aphaenogaster (1315863): 219 media rows, 51 specimens
[22/60] Stigmatomma (3258370): 492 media rows, 50 specimens
[23/60] Cataulacus (1325265): 193 media rows, 47 specimens
[24/60] Prionopelta (1317009): 183 media rows, 42 specimens
[25/60] Royidris (7748512): 172 media rows, 41 specimens
[26/60] Malagidris (7557550): 182 media rows, 39 specimens
[27/60] Syllophopsis (4681352): 161 media rows, 37 specimens
[28/60] Simopone (1323091): 158 media rows, 36 specimens
[29/60] Platythyrea (1326298): 159 media rows, 36 specimens
[30/60] Terataner (1317363): 164 media rows, 33 specimens
[31/60] Tanipone (9498732): 159 media rows, 33 specimens
[32/60] Odontomachus (1317162): 139 media rows, 32 specimens
[33/60] Meranoplus (8301906): 113 media rows, 32 specimens
[34/60] Proceratium (1320543): 140 media rows, 30 specimens
[35/60] Paratrechina (1325421): 151 media rows, 25 specimens
[36/60] Cardiocondyla (1317100): 79 media rows, 21 specimens
[37/60] Eutetramorium (1318666): 90 media rows, 21 specimens
[38/60] Metapone (1326945): 131 media rows, 21 specimens
[39/60] Oligomyrmex (1323617): 85 media rows, 20 specimens
HTTP 429 on https://api.gbif.org/v1/occurrence/search — retry in 1s
[40/60] Lioponera (4673512): 91 media rows, 19 specimens
[41/60] Aptinoma (4673426): 68 media rows, 15 specimens
[42/60] Probolomyrmex (1320011): 62 media rows, 14 specimens
[43/60] Pyramica (1321015): 58 media rows, 13 specimens
[44/60] Ravavy (4673430): 61 media rows, 13 specimens
[45/60] Plagiolepis (1320758): 52 media rows, 12 specimens
HTTP 429 on https://api.gbif.org/v1/occurrence/search — retry in 1s
[46/60] Pilotrochus (1327440): 54 media rows, 10 specimens
[47/60] Melissotarsus (1316287): 31 media rows, 9 specimens
[48/60] Parasyscia (4679903): 34 media rows, 8 specimens
[49/60] Solenopsis (9107211): 35 media rows, 8 specimens
[50/60] Trichomyrmex (4672464): 29 media rows, 7 specimens
[51/60] Erromyrma (10099461): 30 media rows, 6 specimens
HTTP 429 on https://api.gbif.org/v1/occurrence/search — retry in 1s
[52/60] Ponera (1317227): 27 media rows, 6 specimens
[53/60] Brachymyrmex (1317285): 33 media rows, 4 specimens
[54/60] Lepisiota (1320868): 22 media rows, 4 specimens
[55/60] Lividopone (9265294): 18 media rows, 4 specimens
[56/60] Paraparatrechina (4671560): 14 media rows, 3 specimens
[57/60] Discothyrea (1315321): 4 media rows, 1 specimens
[58/60] Leptothorax (1323767): 4 media rows, 1 specimens
[59/60] Cerapachys (1326115): 2 media rows, 1 specimens
[60/60] Ooceraea (4670076): 4 media rows, 1 specimens
/home/ubuntu/projects/lifeplan/mg-ants/data/raw/records.parquet: 24013 media rows, 5857 specimens, 60 genera
