Warning: You are sending unauthenticated requests to the HF Hub. Please set a HF_TOKEN to enable higher rate limits and faster downloads.
model hf-hub:imageomics/bioclip-2 loaded in 6.1s
400 masks, 7x7 grid, p=0.50, probs=raw, mean coverage 0.495
casent0104549 (Odontomachus): RISE for Odontomachus, full-image P=0.5453
  80/400 masks, 53s elapsed, ETA 213s
  160/400 masks, 106s elapsed, ETA 160s
  240/400 masks, 159s elapsed, ETA 106s
  320/400 masks, 211s elapsed, ETA 53s
  400/400 masks, 262s elapsed, ETA 0s
computed casent0104549 -> Odontomachus (masked P: mean 0.330, max 0.516)
casent0104549 (Odontomachus): RISE for Anochetus, full-image P=0.0382
  80/400 masks, 52s elapsed, ETA 208s
  160/400 masks, 103s elapsed, ETA 155s
  240/400 masks, 155s elapsed, ETA 103s
  320/400 masks, 207s elapsed, ETA 52s
  400/400 masks, 259s elapsed, ETA 0s
computed casent0104549 -> Anochetus (masked P: mean 0.038, max 0.074)
casent0102933 (Anochetus): RISE for Anochetus, full-image P=0.4382
  80/400 masks, 52s elapsed, ETA 206s
  160/400 masks, 102s elapsed, ETA 153s
  240/400 masks, 154s elapsed, ETA 103s
  320/400 masks, 206s elapsed, ETA 51s
  400/400 masks, 257s elapsed, ETA 0s
computed casent0102933 -> Anochetus (masked P: mean 0.170, max 0.331)
casent0102933 (Anochetus): RISE for Odontomachus, full-image P=0.0476
  80/400 masks, 51s elapsed, ETA 206s
  160/400 masks, 103s elapsed, ETA 154s
  240/400 masks, 155s elapsed, ETA 103s
  320/400 masks, 207s elapsed, ETA 52s
  400/400 masks, 259s elapsed, ETA 0s
computed casent0102933 -> Odontomachus (masked P: mean 0.074, max 0.155)
casent0101358 (Camponotus): RISE for Camponotus, full-image P=0.5570
  80/400 masks, 52s elapsed, ETA 206s
  160/400 masks, 104s elapsed, ETA 156s
  240/400 masks, 155s elapsed, ETA 103s
  320/400 masks, 206s elapsed, ETA 52s
  400/400 masks, 258s elapsed, ETA 0s
computed casent0101358 -> Camponotus (masked P: mean 0.427, max 0.591)
casent0499794 (Technomyrmex): RISE for Technomyrmex, full-image P=0.3836
  80/400 masks, 52s elapsed, ETA 207s
  160/400 masks, 103s elapsed, ETA 154s
  240/400 masks, 155s elapsed, ETA 104s
  320/400 masks, 207s elapsed, ETA 52s
  400/400 masks, 259s elapsed, ETA 0s
computed casent0499794 -> Technomyrmex (masked P: mean 0.244, max 0.341)
casent0499794 (Technomyrmex): RISE for Tapinoma, full-image P=0.1264
  80/400 masks, 51s elapsed, ETA 205s
  160/400 masks, 103s elapsed, ETA 154s
  240/400 masks, 155s elapsed, ETA 103s
  320/400 masks, 206s elapsed, ETA 52s
  400/400 masks, 258s elapsed, ETA 0s
computed casent0499794 -> Tapinoma (masked P: mean 0.129, max 0.200)
casent0453991 (Tapinoma): RISE for Tapinoma, full-image P=0.3704
  80/400 masks, 51s elapsed, ETA 206s
  160/400 masks, 104s elapsed, ETA 156s
  240/400 masks, 155s elapsed, ETA 104s
  320/400 masks, 206s elapsed, ETA 51s
  400/400 masks, 256s elapsed, ETA 0s
computed casent0453991 -> Tapinoma (masked P: mean 0.267, max 0.381)
casent0453991 (Tapinoma): RISE for Technomyrmex, full-image P=0.2310
  80/400 masks, 52s elapsed, ETA 208s
  160/400 masks, 104s elapsed, ETA 156s
  240/400 masks, 157s elapsed, ETA 104s
  320/400 masks, 208s elapsed, ETA 52s
  400/400 masks, 260s elapsed, ETA 0s
computed casent0453991 -> Technomyrmex (masked P: mean 0.190, max 0.280)
casent0005580 (Strumigenys): RISE for Strumigenys, full-image P=0.5827
  80/400 masks, 51s elapsed, ETA 204s
  160/400 masks, 102s elapsed, ETA 153s
  240/400 masks, 152s elapsed, ETA 101s
  320/400 masks, 203s elapsed, ETA 51s
  400/400 masks, 255s elapsed, ETA 0s
computed casent0005580 -> Strumigenys (masked P: mean 0.275, max 0.485)
computed 10 runs this invocation, 10 in runs.json
shared deviation scale: W = 0.0280 over 10 maps
drew casent0104549 -> Odontomachus: baseline 0.3383, range 0.3254 – 0.3663, max |dev| 0.0280
drew casent0104549 -> Anochetus: baseline 0.0377, range 0.0360 – 0.0391, max |dev| 0.0018
drew casent0102933 -> Anochetus: baseline 0.1749, range 0.1668 – 0.1874, max |dev| 0.0125
drew casent0102933 -> Odontomachus: baseline 0.0740, range 0.0699 – 0.0791, max |dev| 0.0051
drew casent0101358 -> Camponotus: baseline 0.4314, range 0.4216 – 0.4418, max |dev| 0.0105
drew casent0499794 -> Technomyrmex: baseline 0.2491, range 0.2414 – 0.2610, max |dev| 0.0119
drew casent0499794 -> Tapinoma: baseline 0.1296, range 0.1269 – 0.1366, max |dev| 0.0070
drew casent0453991 -> Tapinoma: baseline 0.2719, range 0.2638 – 0.2868, max |dev| 0.0150
drew casent0453991 -> Technomyrmex: baseline 0.1933, range 0.1886 – 0.2015, max |dev| 0.0082
drew casent0005580 -> Strumigenys: baseline 0.2838, range 0.2692 – 0.3091, max |dev| 0.0253
done: 10 runs in runs.json, W = 0.0280 -> /home/ubuntu/projects/lifeplan/mg-ants/reports/rise
